  /usr/local/rvm/gems/ruby-2.2.1/bin/unicorn:23:in `load'
  /usr/local/rvm/gems/ruby-2.2.1/bin/unicorn:23:in `<main>'
  /usr/local/rvm/gems/ruby-2.2.1@global/bin/ruby_executable_hooks:15:in `eval'
  /usr/local/rvm/gems/ruby-2.2.1@global/bin/ruby_executable_hooks:15:in `<main>'


I, [2016-07-16T02:24:41.353424 #13802]  INFO -- : Started GET "/" for 121.225.156.14 at 2016-07-16 02:24:41 -0400
I, [2016-07-16T02:24:41.369730 #13802]  INFO -- : Processing by WelcomeController#index as */*
I, [2016-07-16T02:24:41.371271 #13802]  INFO -- : Redirected to http://www.baidu.com/articles
I, [2016-07-16T02:24:41.371612 #13802]  INFO -- : Completed 302 Found in 2ms (ActiveRecord: 0.0ms)
I, [2016-07-16T05:44:34.335961 #13807]  INFO -- : Started GET "/" for 222.95.251.11 at 2016-07-16 05:44:34 -0400
I, [2016-07-16T05:44:34.346835 #13807]  INFO -- : Processing by WelcomeController#index as */*
I, [2016-07-16T05:44:34.347795 #13807]  INFO -- : Redirected to http://www.baidu.com/articles
I, [2016-07-16T05:44:34.348309 #13807]  INFO -- : Completed 302 Found in 1ms (ActiveRecord: 0.0ms)
I, [2016-07-16T08:09:44.223206 #13807]  INFO -- : Started GET "/" for 24.184.186.151 at 2016-07-16 08:09:44 -0400
I, [2016-07-16T08:09:44.232163 #13807]  INFO -- : Processing by WelcomeController#index as HTML
I, [2016-07-16T08:09:44.233224 #13807]  INFO -- : Redirected to http://thesalmon.club/articles
I, [2016-07-16T08:09:44.233649 #13807]  INFO -- : Completed 302 Found in 1ms (ActiveRecord: 0.0ms)
I, [2016-07-16T08:09:44.285894 #13802]  INFO -- : Started GET "/articles" for 24.184.186.151 at 2016-07-16 08:09:44 -0400
I, [2016-07-16T08:09:44.295213 #13802]  INFO -- : Processing by ArticlesController#index as HTML
D, [2016-07-16T08:09:44.306884 #13802] DEBUG -- :   [1m[35mArticle Load (1.4ms)[0m  SELECT "articles".* FROM "articles"
I, [2016-07-16T08:09:44.309064 #13802]  INFO -- :   Rendered articles/index.html.erb within layouts/application (9.1ms)
I, [2016-07-16T08:09:44.312409 #13802]  INFO -- : Completed 200 OK in 17ms (Views: 12.8ms | ActiveRecord: 1.4ms)
I, [2016-07-16T08:09:48.401628 #13807]  INFO -- : Started GET "/users/new" for 24.184.186.151 at 2016-07-16 08:09:48 -0400
I, [2016-07-16T08:09:48.405577 #13807]  INFO -- : Processing by UsersController#new as HTML
I, [2016-07-16T08:09:48.422949 #13807]  INFO -- :   Rendered users/new.html.erb within layouts/application (11.6ms)
I, [2016-07-16T08:09:48.425754 #13807]  INFO -- : Completed 200 OK in 20ms (Views: 17.1ms | ActiveRecord: 0.0ms)
I, [2016-07-16T08:10:38.239337 #13802]  INFO -- : Started POST "/users" for 24.184.186.151 at 2016-07-16 08:10:38 -0400
I, [2016-07-16T08:10:38.246489 #13802]  INFO -- : Processing by UsersController#create as HTML
I, [2016-07-16T08:10:38.246664 #13802]  INFO -- :   Parameters: {"utf8"=>"✓", "authenticity_token"=>"brHO2dCLyIzyT8L2f2GNkro0/Nn5/D+U0cDTPn+uA0yZx7TlS1acMnoxDG3igOpSFJ/nPO5bXRAh46rJCgP/Yg==", "user"=>{"first_name"=>"Danielle", "last_name"=>"Bautista", "username"=>"daniellelucky", "email"=>"danielle.l.bautista@gmail.com", "password"=>"[FILTERED]", "access_code"=>"salmon"}, "commit"=>"register"}
D, [2016-07-16T08:10:38.362438 #13802] DEBUG -- :   [1m[36m (2.7ms)[0m  [1mBEGIN[0m
D, [2016-07-16T08:10:38.405173 #13802] DEBUG -- :   [1m[35mSQL (19.7ms)[0m  INSERT INTO "users" ("first_name", "last_name", "username", "email", "password_digest", "created_at", "updated_at") VALUES ($1, $2, $3, $4, $5, $6, $7) RETURNING "id"  [["first_name", "Danielle"], ["last_name", "Bautista"], ["username", "daniellelucky"], ["email", "danielle.l.bautista@gmail.com"], ["password_digest", "$2a$10$5yVDq2GMsbiJ2z77MMgiyuNsa2iSFBoAIEC/jQkylZz5nkC4nW7Wu"], ["created_at", "2016-07-16 12:10:38.366465"], ["updated_at", "2016-07-16 12:10:38.366465"]]
D, [2016-07-16T08:10:38.409748 #13802] DEBUG -- :   [1m[36m (1.8ms)[0m  [1mCOMMIT[0m
I, [2016-07-16T08:10:38.411740 #13802]  INFO -- : Redirected to http://thesalmon.club/login
I, [2016-07-16T08:10:38.412059 #13802]  INFO -- : Completed 302 Found in 165ms (ActiveRecord: 24.2ms)
I, [2016-07-16T08:10:38.513631 #13811]  INFO -- : Started GET "/login" for 24.184.186.151 at 2016-07-16 08:10:38 -0400
I, [2016-07-16T08:10:38.522963 #13811]  INFO -- : Processing by SessionsController#new as HTML
I, [2016-07-16T08:10:38.530510 #13811]  INFO -- :   Rendered sessions/new.html.erb within layouts/application (4.9ms)
I, [2016-07-16T08:10:38.533905 #13811]  INFO -- : Completed 200 OK in 11ms (Views: 9.7ms | ActiveRecord: 0.0ms)
I, [2016-07-16T08:10:48.722501 #13802]  INFO -- : Started POST "/login" for 24.184.186.151 at 2016-07-16 08:10:48 -0400
I, [2016-07-16T08:10:48.725980 #13802]  INFO -- : Processing by SessionsController#create as HTML
I, [2016-07-16T08:10:48.726525 #13802]  INFO -- :   Parameters: {"utf8"=>"✓", "authenticity_token"=>"t6hm3kKrcBzqwtojvleLddffC8cVnug79/PXgkgeKJRA3hzi2XYkomK8FLgjtuy1eXQQIgI5ir8H0K51PbPUug==", "session"=>{"username"=>"daniellelucky", "password"=>"[FILTERED]"}, "commit"=>"login"}
D, [2016-07-16T08:10:48.731967 #13802] DEBUG -- :   [1m[35mUser Load (1.5ms)[0m  SELECT  "users".* FROM "users" WHERE "users"."username" = $1 LIMIT 1  [["username", "daniellelucky"]]
I, [2016-07-16T08:10:48.852774 #13802]  INFO -- : Redirected to http://thesalmon.club/
I, [2016-07-16T08:10:48.853066 #13802]  INFO -- : Completed 302 Found in 126ms (ActiveRecord: 1.5ms)
I, [2016-07-16T08:10:48.966884 #13807]  INFO -- : Started GET "/" for 24.184.186.151 at 2016-07-16 08:10:48 -0400
I, [2016-07-16T08:10:48.975465 #13807]  INFO -- : Processing by WelcomeController#index as HTML
I, [2016-07-16T08:10:48.976677 #13807]  INFO -- : Redirected to http://thesalmon.club/articles
I, [2016-07-16T08:10:48.977021 #13807]  INFO -- : Completed 302 Found in 1ms (ActiveRecord: 0.0ms)
I, [2016-07-16T08:10:49.005436 #13802]  INFO -- : Started GET "/articles" for 24.184.186.151 at 2016-07-16 08:10:49 -0400
I, [2016-07-16T08:10:49.008076 #13802]  INFO -- : Processing by ArticlesController#index as HTML
D, [2016-07-16T08:10:49.011561 #13802] DEBUG -- :   [1m[36mUser Load (0.9ms)[0m  [1mSELECT  "users".* FROM "users" WHERE "users"."id" = $1 LIMIT 1[0m  [["id", 5]]
D, [2016-07-16T08:10:49.013717 #13802] DEBUG -- :   [1m[35mArticle Load (0.9ms)[0m  SELECT "articles".* FROM "articles"
I, [2016-07-16T08:10:49.015008 #13802]  INFO -- :   Rendered articles/index.html.erb within layouts/application (5.2ms)
D, [2016-07-16T08:10:49.017299 #13802] DEBUG -- :   [1m[36mCACHE (0.0ms)[0m  [1mSELECT  "users".* FROM "users" WHERE "users"."id" = $1 LIMIT 1[0m  [["id", 5]]
I, [2016-07-16T08:10:49.018507 #13802]  INFO -- : Completed 200 OK in 10ms (Views: 7.9ms | ActiveRecord: 1.8ms)
I, [2016-07-16T08:10:56.502857 #13807]  INFO -- : Started GET "/about" for 24.184.186.151 at 2016-07-16 08:10:56 -0400
I, [2016-07-16T08:10:56.505440 #13807]  INFO -- : Processing by WelcomeController#about as HTML
I, [2016-07-16T08:10:56.508664 #13807]  INFO -- :   Rendered welcome/about.html.erb within layouts/application (0.2ms)
D, [2016-07-16T08:10:56.514439 #13807] DEBUG -- :   [1m[36mUser Load (0.6ms)[0m  [1mSELECT  "users".* FROM "users" WHERE "users"."id" = $1 LIMIT 1[0m  [["id", 5]]
I, [2016-07-16T08:10:56.516623 #13807]  INFO -- : Completed 200 OK in 11ms (Views: 10.1ms | ActiveRecord: 0.6ms)
I, [2016-07-16T08:22:49.766172 #13802]  INFO -- : Started GET "/" for 222.95.251.11 at 2016-07-16 08:22:49 -0400
I, [2016-07-16T08:22:49.778493 #13802]  INFO -- : Processing by WelcomeController#index as */*
I, [2016-07-16T08:22:49.780091 #13802]  INFO -- : Redirected to http://www.baidu.com/articles
I, [2016-07-16T08:22:49.780544 #13802]  INFO -- : Completed 302 Found in 2ms (ActiveRecord: 0.0ms)
I, [2016-07-16T11:08:33.829951 #13802]  INFO -- : Started GET "/" for 222.95.251.11 at 2016-07-16 11:08:33 -0400
I, [2016-07-16T11:08:33.841863 #13802]  INFO -- : Processing by WelcomeController#index as */*
I, [2016-07-16T11:08:33.843260 #13802]  INFO -- : Redirected to http://www.baidu.com/articles
I, [2016-07-16T11:08:33.843639 #13802]  INFO -- : Completed 302 Found in 1ms (ActiveRecord: 0.0ms)
I, [2016-07-16T11:27:32.265525 #13805]  INFO -- : Started GET "/" for 80.82.70.24 at 2016-07-16 11:27:32 -0400
I, [2016-07-16T11:27:32.277124 #13805]  INFO -- : Processing by WelcomeController#index as HTML
I, [2016-07-16T11:27:32.278229 #13805]  INFO -- : Redirected to http://httpheader.net/articles
I, [2016-07-16T11:27:32.280206 #13805]  INFO -- : Completed 302 Found in 1ms (ActiveRecord: 0.0ms)
I, [2016-07-16T11:27:32.492328 #13811]  INFO -- : Started GET "/articles" for 80.82.70.24 at 2016-07-16 11:27:32 -0400
I, [2016-07-16T11:27:32.501551 #13811]  INFO -- : Processing by ArticlesController#index as HTML
D, [2016-07-16T11:27:32.511696 #13811] DEBUG -- :   [1m[36mArticle Load (1.6ms)[0m  [1mSELECT "articles".* FROM "articles"[0m
I, [2016-07-16T11:27:32.514122 #13811]  INFO -- :   Rendered articles/index.html.erb within layouts/application (6.8ms)
I, [2016-07-16T11:27:32.517580 #13811]  INFO -- : Completed 200 OK in 16ms (Views: 10.2ms | ActiveRecord: 1.6ms)
I, [2016-07-16T12:54:27.891020 #13802]  INFO -- : Started GET "/testproxy.php" for 91.196.50.33 at 2016-07-16 12:54:27 -0400
F, [2016-07-16T12:54:27.899722 #13802] FATAL -- : 
ActionController::RoutingError (No route matches [GET] "/testproxy.php"):
  actionpack (4.2.6) lib/action_dispatch/middleware/debug_exceptions.rb:21:in `call'
  actionpack (4.2.6) lib/action_dispatch/middleware/show_exceptions.rb:30:in `call'
  railties (4.2.6) lib/rails/rack/logger.rb:38:in `call_app'
  railties (4.2.6) lib/rails/rack/logger.rb:20:in `block in call'
  activesupport (4.2.6) lib/active_support/tagged_logging.rb:68:in `block in tagged'
  activesupport (4.2.6) lib/active_support/tagged_logging.rb:26:in `tagged'
  activesupport (4.2.6) lib/active_support/tagged_logging.rb:68:in `tagged'
  railties (4.2.6) lib/rails/rack/logger.rb:20:in `call'
  actionpack (4.2.6) lib/action_dispatch/middleware/request_id.rb:21:in `call'
  rack (1.6.4) lib/rack/methodoverride.rb:22:in `call'
  rack (1.6.4) lib/rack/runtime.rb:18:in `call'
  activesupport (4.2.6) lib/active_support/cache/strategy/local_cache_middleware.rb:28:in `call'
  rack (1.6.4) lib/rack/sendfile.rb:113:in `call'
  railties (4.2.6) lib/rails/engine.rb:518:in `call'
  railties (4.2.6) lib/rails/application.rb:165:in `call'
  unicorn (5.0.1) lib/unicorn/http_server.rb:562:in `process_client'
  unicorn (5.0.1) lib/unicorn/http_server.rb:658:in `worker_loop'
  unicorn (5.0.1) lib/unicorn/http_server.rb:508:in `spawn_missing_workers'
  unicorn (5.0.1) lib/unicorn/http_server.rb:132:in `start'
  unicorn (5.0.1) bin/unicorn:126:in `<top (required)>'
  /usr/local/rvm/gems/ruby-2.2.1/bin/unicorn:23:in `load'
  /usr/local/rvm/gems/ruby-2.2.1/bin/unicorn:23:in `<main>'
  /usr/local/rvm/gems/ruby-2.2.1@global/bin/ruby_executable_hooks:15:in `eval'
  /usr/local/rvm/gems/ruby-2.2.1@global/bin/ruby_executable_hooks:15:in `<main>'


I, [2016-07-16T14:59:07.462516 #13802]  INFO -- : Started GET "/" for 222.95.251.11 at 2016-07-16 14:59:07 -0400
I, [2016-07-16T14:59:07.471549 #13802]  INFO -- : Processing by WelcomeController#index as */*
I, [2016-07-16T14:59:07.473020 #13802]  INFO -- : Redirected to http://www.baidu.com/articles
I, [2016-07-16T14:59:07.473575 #13802]  INFO -- : Completed 302 Found in 2ms (ActiveRecord: 0.0ms)
I, [2016-07-16T15:12:06.675296 #13805]  INFO -- : Started GET "/testproxy.php" for 91.196.50.33 at 2016-07-16 15:12:06 -0400
F, [2016-07-16T15:12:06.684444 #13805] FATAL -- : 
ActionController::RoutingError (No route matches [GET] "/testproxy.php"):
  actionpack (4.2.6) lib/action_dispatch/middleware/debug_exceptions.rb:21:in `call'
  actionpack (4.2.6) lib/action_dispatch/middleware/show_exceptions.rb:30:in `call'
  railties (4.2.6) lib/rails/rack/logger.rb:38:in `call_app'
  railties (4.2.6) lib/rails/rack/logger.rb:20:in `block in call'
  activesupport (4.2.6) lib/active_support/tagged_logging.rb:68:in `block in tagged'
  activesupport (4.2.6) lib/active_support/tagged_logging.rb:26:in `tagged'
  activesupport (4.2.6) lib/active_support/tagged_logging.rb:68:in `tagged'
  railties (4.2.6) lib/rails/rack/logger.rb:20:in `call'
  actionpack (4.2.6) lib/action_dispatch/middleware/request_id.rb:21:in `call'
  rack (1.6.4) lib/rack/methodoverride.rb:22:in `call'
  rack (1.6.4) lib/rack/runtime.rb:18:in `call'
  activesupport (4.2.6) lib/active_support/cache/strategy/local_cache_middleware.rb:28:in `call'
  rack (1.6.4) lib/rack/sendfile.rb:113:in `call'
  railties (4.2.6) lib/rails/engine.rb:518:in `call'
  railties (4.2.6) lib/rails/application.rb:165:in `call'
  unicorn (5.0.1) lib/unicorn/http_server.rb:562:in `process_client'
  unicorn (5.0.1) lib/unicorn/http_server.rb:658:in `worker_loop'
  unicorn (5.0.1) lib/unicorn/http_server.rb:508:in `spawn_missing_workers'
  unicorn (5.0.1) lib/unicorn/http_server.rb:132:in `start'
  unicorn (5.0.1) bin/unicorn:126:in `<top (required)>'
  /usr/local/rvm/gems/ruby-2.2.1/bin/unicorn:23:in `load'
  /usr/local/rvm/gems/ruby-2.2.1/bin/unicorn:23:in `<main>'
  /usr/local/rvm/gems/ruby-2.2.1@global/bin/ruby_executable_hooks:15:in `eval'
  /usr/local/rvm/gems/ruby-2.2.1@global/bin/ruby_executable_hooks:15:in `<main>'


I, [2016-07-16T17:00:40.825384 #13811]  INFO -- : Started GET "/proxychecker/check.cgi?action=getinfo" for 37.48.94.6 at 2016-07-16 17:00:40 -0400
F, [2016-07-16T17:00:40.833760 #13811] FATAL -- : 
ActionController::RoutingError (No route matches [GET] "/proxychecker/check.cgi"):
  actionpack (4.2.6) lib/action_dispatch/middleware/debug_exceptions.rb:21:in `call'
  actionpack (4.2.6) lib/action_dispatch/middleware/show_exceptions.rb:30:in `call'
  railties (4.2.6) lib/rails/rack/logger.rb:38:in `call_app'
  railties (4.2.6) lib/rails/rack/logger.rb:20:in `block in call'
  activesupport (4.2.6) lib/active_support/tagged_logging.rb:68:in `block in tagged'
  activesupport (4.2.6) lib/active_support/tagged_logging.rb:26:in `tagged'
  activesupport (4.2.6) lib/active_support/tagged_logging.rb:68:in `tagged'
  railties (4.2.6) lib/rails/rack/logger.rb:20:in `call'
  actionpack (4.2.6) lib/action_dispatch/middleware/request_id.rb:21:in `call'
  rack (1.6.4) lib/rack/methodoverride.rb:22:in `call'
  rack (1.6.4) lib/rack/runtime.rb:18:in `call'
  activesupport (4.2.6) lib/active_support/cache/strategy/local_cache_middleware.rb:28:in `call'
  rack (1.6.4) lib/rack/sendfile.rb:113:in `call'
  railties (4.2.6) lib/rails/engine.rb:518:in `call'
  railties (4.2.6) lib/rails/application.rb:165:in `call'
  unicorn (5.0.1) lib/unicorn/http_server.rb:562:in `process_client'
  unicorn (5.0.1) lib/unicorn/http_server.rb:658:in `worker_loop'
  unicorn (5.0.1) lib/unicorn/http_server.rb:508:in `spawn_missing_workers'
  unicorn (5.0.1) lib/unicorn/http_server.rb:132:in `start'
  unicorn (5.0.1) bin/unicorn:126:in `<top (required)>'
  /usr/local/rvm/gems/ruby-2.2.1/bin/unicorn:23:in `load'
  /usr/local/rvm/gems/ruby-2.2.1/bin/unicorn:23:in `<main>'
  /usr/local/rvm/gems/ruby-2.2.1@global/bin/ruby_executable_hooks:15:in `eval'
  /usr/local/rvm/gems/ruby-2.2.1@global/bin/ruby_executable_hooks:15:in `<main>'


I, [2016-07-16T17:21:07.711006 #13805]  INFO -- : Started GET "/" for 220.180.172.124 at 2016-07-16 17:21:07 -0400
I, [2016-07-16T17:21:07.720537 #13805]  INFO -- : Processing by WelcomeController#index as HTML
I, [2016-07-16T17:21:07.722023 #13805]  INFO -- : Redirected to http://www.kingsoft.com/articles
I, [2016-07-16T17:21:07.722655 #13805]  INFO -- : Completed 302 Found in 2ms (ActiveRecord: 0.0ms)
I, [2016-07-16T17:21:07.988335 #13807]  INFO -- : Started GET "/articles" for 220.180.172.124 at 2016-07-16 17:21:07 -0400
I, [2016-07-16T17:21:07.999947 #13807]  INFO -- : Processing by ArticlesController#index as HTML
D, [2016-07-16T17:21:08.009569 #13807] DEBUG -- :   [1m[35mArticle Load (1.3ms)[0m  SELECT "articles".* FROM "articles"
I, [2016-07-16T17:21:08.012101 #13807]  INFO -- :   Rendered articles/index.html.erb within layouts/application (7.5ms)
I, [2016-07-16T17:21:08.016570 #13807]  INFO -- : Completed 200 OK in 16ms (Views: 12.8ms | ActiveRecord: 1.3ms)
I, [2016-07-16T17:21:12.417979 #13805]  INFO -- : Started GET "/" for 220.180.172.124 at 2016-07-16 17:21:12 -0400
I, [2016-07-16T17:21:12.420953 #13805]  INFO -- : Processing by WelcomeController#index as HTML
I, [2016-07-16T17:21:12.421466 #13805]  INFO -- : Redirected to http://hao.qq.com/articles
I, [2016-07-16T17:21:12.421927 #13805]  INFO -- : Completed 302 Found in 1ms (ActiveRecord: 0.0ms)
I, [2016-07-16T17:21:12.673776 #13811]  INFO -- : Started GET "/articles" for 220.180.172.124 at 2016-07-16 17:21:12 -0400
I, [2016-07-16T17:21:12.682510 #13811]  INFO -- : Processing by ArticlesController#index as HTML
D, [2016-07-16T17:21:12.689806 #13811] DEBUG -- :   [1m[35mArticle Load (1.0ms)[0m  SELECT "articles".* FROM "articles"
I, [2016-07-16T17:21:12.691958 #13811]  INFO -- :   Rendered articles/index.html.erb within layouts/application (6.1ms)
I, [2016-07-16T17:21:12.695519 #13811]  INFO -- : Completed 200 OK in 12ms (Views: 9.8ms | ActiveRecord: 1.0ms)
I, [2016-07-16T17:21:17.182065 #13805]  INFO -- : Started GET "/" for 220.180.172.124 at 2016-07-16 17:21:17 -0400
I, [2016-07-16T17:21:17.185422 #13805]  INFO -- : Processing by WelcomeController#index as HTML
I, [2016-07-16T17:21:17.185882 #13805]  INFO -- : Redirected to http://www.0579.cn/articles
I, [2016-07-16T17:21:17.186086 #13805]  INFO -- : Completed 302 Found in 0ms (ActiveRecord: 0.0ms)
I, [2016-07-16T17:21:17.447911 #13802]  INFO -- : Started GET "/articles" for 220.180.172.124 at 2016-07-16 17:21:17 -0400
I, [2016-07-16T17:21:17.457592 #13802]  INFO -- : Processing by ArticlesController#index as HTML
D, [2016-07-16T17:21:17.465442 #13802] DEBUG -- :   [1m[35mArticle Load (1.0ms)[0m  SELECT "articles".* FROM "articles"
I, [2016-07-16T17:21:17.467819 #13802]  INFO -- :   Rendered articles/index.html.erb within layouts/application (6.0ms)
I, [2016-07-16T17:21:17.471930 #13802]  INFO -- : Completed 200 OK in 14ms (Views: 9.8ms | ActiveRecord: 1.0ms)
I, [2016-07-16T18:31:51.081025 #13802]  INFO -- : Started PROPFIND "/webdav/" for 192.99.144.140 at 2016-07-16 18:31:51 -0400
F, [2016-07-16T18:31:51.087967 #13802] FATAL -- : 
ActionController::RoutingError (No route matches [PROPFIND] "/webdav"):
  actionpack (4.2.6) lib/action_dispatch/middleware/debug_exceptions.rb:21:in `call'
  actionpack (4.2.6) lib/action_dispatch/middleware/show_exceptions.rb:30:in `call'
  railties (4.2.6) lib/rails/rack/logger.rb:38:in `call_app'
  railties (4.2.6) lib/rails/rack/logger.rb:20:in `block in call'
  activesupport (4.2.6) lib/active_support/tagged_logging.rb:68:in `block in tagged'
  activesupport (4.2.6) lib/active_support/tagged_logging.rb:26:in `tagged'
  activesupport (4.2.6) lib/active_support/tagged_logging.rb:68:in `tagged'
  railties (4.2.6) lib/rails/rack/logger.rb:20:in `call'
  actionpack (4.2.6) lib/action_dispatch/middleware/request_id.rb:21:in `call'
  rack (1.6.4) lib/rack/methodoverride.rb:22:in `call'
  rack (1.6.4) lib/rack/runtime.rb:18:in `call'
  activesupport (4.2.6) lib/active_support/cache/strategy/local_cache_middleware.rb:28:in `call'
  rack (1.6.4) lib/rack/sendfile.rb:113:in `call'
  railties (4.2.6) lib/rails/engine.rb:518:in `call'
  railties (4.2.6) lib/rails/application.rb:165:in `call'
  unicorn (5.0.1) lib/unicorn/http_server.rb:562:in `process_client'
  unicorn (5.0.1) lib/unicorn/http_server.rb:658:in `worker_loop'
  unicorn (5.0.1) lib/unicorn/http_server.rb:508:in `spawn_missing_workers'
  unicorn (5.0.1) lib/unicorn/http_server.rb:132:in `start'
  unicorn (5.0.1) bin/unicorn:126:in `<top (required)>'
  /usr/local/rvm/gems/ruby-2.2.1/bin/unicorn:23:in `load'
  /usr/local/rvm/gems/ruby-2.2.1/bin/unicorn:23:in `<main>'
  /usr/local/rvm/gems/ruby-2.2.1@global/bin/ruby_executable_hooks:15:in `eval'
  /usr/local/rvm/gems/ruby-2.2.1@global/bin/ruby_executable_hooks:15:in `<main>'


I, [2016-07-16T18:50:34.247600 #13807]  INFO -- : Started GET "/" for 222.95.251.11 at 2016-07-16 18:50:34 -0400
I, [2016-07-16T18:50:34.259820 #13807]  INFO -- : Processing by WelcomeController#index as */*
I, [2016-07-16T18:50:34.261545 #13807]  INFO -- : Redirected to http://www.baidu.com/articles
I, [2016-07-16T18:50:34.262144 #13807]  INFO -- : Completed 302 Found in 2ms (ActiveRecord: 0.0ms)
I, [2016-07-16T19:16:59.998013 #13811]  INFO -- : Started GET "/" for 72.226.13.136 at 2016-07-16 19:16:59 -0400
I, [2016-07-16T19:17:00.009742 #13811]  INFO -- : Processing by WelcomeController#index as HTML
I, [2016-07-16T19:17:00.012667 #13811]  INFO -- : Redirected to http://thesalmon.club/articles
I, [2016-07-16T19:17:00.013480 #13811]  INFO -- : Completed 302 Found in 3ms (ActiveRecord: 0.0ms)
I, [2016-07-16T19:17:00.064929 #13805]  INFO -- : Started GET "/articles" for 72.226.13.136 at 2016-07-16 19:17:00 -0400
I, [2016-07-16T19:17:00.075237 #13805]  INFO -- : Processing by ArticlesController#index as HTML
D, [2016-07-16T19:17:00.087494 #13805] DEBUG -- :   [1m[36mArticle Load (1.7ms)[0m  [1mSELECT "articles".* FROM "articles"[0m
I, [2016-07-16T19:17:00.090973 #13805]  INFO -- :   Rendered articles/index.html.erb within layouts/application (11.2ms)
I, [2016-07-16T19:17:00.097225 #13805]  INFO -- : Completed 200 OK in 22ms (Views: 18.2ms | ActiveRecord: 1.7ms)
I, [2016-07-16T19:17:08.048968 #13811]  INFO -- : Started GET "/articles/1" for 72.226.13.136 at 2016-07-16 19:17:08 -0400
I, [2016-07-16T19:17:08.052925 #13811]  INFO -- : Processing by ArticlesController#show as HTML
I, [2016-07-16T19:17:08.053067 #13811]  INFO -- :   Parameters: {"id"=>"1"}
D, [2016-07-16T19:17:08.056902 #13811] DEBUG -- :   [1m[36mArticle Load (1.0ms)[0m  [1mSELECT  "articles".* FROM "articles" WHERE "articles"."id" = $1 LIMIT 1[0m  [["id", 1]]
D, [2016-07-16T19:17:08.067799 #13811] DEBUG -- :   [1m[35mComment Load (0.5ms)[0m  SELECT "comments".* FROM "comments" WHERE "comments"."commentable_id" = $1 AND "comments"."commentable_type" = $2  [["commentable_id", 1], ["commentable_type", "Article"]]
D, [2016-07-16T19:17:08.070293 #13811] DEBUG -- :   [1m[36mUser Load (0.3ms)[0m  [1mSELECT  "users".* FROM "users" WHERE "users"."id" = $1 LIMIT 1[0m  [["id", 1]]
D, [2016-07-16T19:17:08.074322 #13811] DEBUG -- :   [1m[35mComment Load (0.4ms)[0m  SELECT "comments".* FROM "comments" WHERE "comments"."commentable_id" = $1 AND "comments"."commentable_type" = $2  [["commentable_id", 1], ["commentable_type", "Comment"]]
D, [2016-07-16T19:17:08.077768 #13811] DEBUG -- :   [1m[36mUser Load (0.3ms)[0m  [1mSELECT  "users".* FROM "users" WHERE "users"."id" = $1 LIMIT 1[0m  [["id", 3]]
D, [2016-07-16T19:17:08.079938 #13811] DEBUG -- :   [1m[35mComment Load (0.2ms)[0m  SELECT "comments".* FROM "comments" WHERE "comments"."commentable_id" = $1 AND "comments"."commentable_type" = $2  [["commentable_id", 5], ["commentable_type", "Comment"]]
D, [2016-07-16T19:17:08.081340 #13811] DEBUG -- :   [1m[36mCACHE (0.0ms)[0m  [1mSELECT  "users".* FROM "users" WHERE "users"."id" = $1 LIMIT 1[0m  [["id", 1]]
D, [2016-07-16T19:17:08.083466 #13811] DEBUG -- :   [1m[35mComment Load (0.8ms)[0m  SELECT "comments".* FROM "comments" WHERE "comments"."commentable_id" = $1 AND "comments"."commentable_type" = $2  [["commentable_id", 8], ["commentable_type", "Comment"]]
D, [2016-07-16T19:17:08.084614 #13811] DEBUG -- :   [1m[36mUser Load (0.3ms)[0m  [1mSELECT  "users".* FROM "users" WHERE "users"."id" = $1 LIMIT 1[0m  [["id", 4]]
D, [2016-07-16T19:17:08.086461 #13811] DEBUG -- :   [1m[35mComment Load (0.2ms)[0m  SELECT "comments".* FROM "comments" WHERE "comments"."commentable_id" = $1 AND "comments"."commentable_type" = $2  [["commentable_id", 9], ["commentable_type", "Comment"]]
D, [2016-07-16T19:17:08.088058 #13811] DEBUG -- :   [1m[36mUser Load (0.2ms)[0m  [1mSELECT  "users".* FROM "users" WHERE "users"."id" = $1 LIMIT 1[0m  [["id", 2]]
D, [2016-07-16T19:17:08.089760 #13811] DEBUG -- :   [1m[35mComment Load (0.2ms)[0m  SELECT "comments".* FROM "comments" WHERE "comments"."commentable_id" = $1 AND "comments"."commentable_type" = $2  [["commentable_id", 10], ["commentable_type", "Comment"]]
I, [2016-07-16T19:17:08.090086 #13811]  INFO -- :   Rendered articles/show.html.erb within layouts/application (25.8ms)
I, [2016-07-16T19:17:08.092698 #13811]  INFO -- : Completed 200 OK in 39ms (Views: 25.9ms | ActiveRecord: 4.5ms)
I, [2016-07-16T19:17:22.895965 #13807]  INFO -- : Started GET "/about" for 72.226.13.136 at 2016-07-16 19:17:22 -0400
I, [2016-07-16T19:17:22.906275 #13807]  INFO -- : Processing by WelcomeController#about as HTML
I, [2016-07-16T19:17:22.909701 #13807]  INFO -- :   Rendered welcome/about.html.erb within layouts/application (0.4ms)
I, [2016-07-16T19:17:22.915019 #13807]  INFO -- : Completed 200 OK in 8ms (Views: 6.6ms | ActiveRecord: 0.0ms)
I, [2016-07-16T19:34:14.548065 #13811]  INFO -- : Started GET "/" for 115.61.87.62 at 2016-07-16 19:34:14 -0400
I, [2016-07-16T19:34:14.558440 #13811]  INFO -- : Processing by WelcomeController#index as HTML
I, [2016-07-16T19:34:14.559711 #13811]  INFO -- : Redirected to http://vip.163.com/articles
I, [2016-07-16T19:34:14.560112 #13811]  INFO -- : Completed 302 Found in 1ms (ActiveRecord: 0.0ms)
I, [2016-07-16T19:34:14.870357 #13805]  INFO -- : Started GET "/articles" for 115.61.87.62 at 2016-07-16 19:34:14 -0400
I, [2016-07-16T19:34:14.879514 #13805]  INFO -- : Processing by ArticlesController#index as HTML
D, [2016-07-16T19:34:14.885406 #13805] DEBUG -- :   [1m[35mArticle Load (1.0ms)[0m  SELECT "articles".* FROM "articles"
I, [2016-07-16T19:34:14.887312 #13805]  INFO -- :   Rendered articles/index.html.erb within layouts/application (5.2ms)
I, [2016-07-16T19:34:14.891888 #13805]  INFO -- : Completed 200 OK in 12ms (Views: 10.0ms | ActiveRecord: 1.0ms)
I, [2016-07-16T20:50:13.134002 #13802]  INFO -- : Started GET "/" for 220.180.172.124 at 2016-07-16 20:50:13 -0400
I, [2016-07-16T20:50:13.144293 #13802]  INFO -- : Processing by WelcomeController#index as HTML
I, [2016-07-16T20:50:13.145560 #13802]  INFO -- : Redirected to http://jiu.163.com/articles
I, [2016-07-16T20:50:13.145935 #13802]  INFO -- : Completed 302 Found in 1ms (ActiveRecord: 0.0ms)
I, [2016-07-16T20:50:13.451686 #13807]  INFO -- : Started GET "/articles" for 220.180.172.124 at 2016-07-16 20:50:13 -0400
I, [2016-07-16T20:50:13.462333 #13807]  INFO -- : Processing by ArticlesController#index as HTML
D, [2016-07-16T20:50:13.471261 #13807] DEBUG -- :   [1m[36mArticle Load (1.3ms)[0m  [1mSELECT "articles".* FROM "articles"[0m
I, [2016-07-16T20:50:13.473942 #13807]  INFO -- :   Rendered articles/index.html.erb within layouts/application (6.6ms)
I, [2016-07-16T20:50:13.479249 #13807]  INFO -- : Completed 200 OK in 17ms (Views: 12.5ms | ActiveRecord: 1.3ms)
I, [2016-07-16T21:00:49.222081 #13811]  INFO -- : Started GET "/" for 62.244.196.50 at 2016-07-16 21:00:49 -0400
I, [2016-07-16T21:00:49.232480 #13811]  INFO -- : Processing by WelcomeController#index as HTML
I, [2016-07-16T21:00:49.234441 #13811]  INFO -- : Redirected to http://localhost/articles
I, [2016-07-16T21:00:49.235352 #13811]  INFO -- : Completed 302 Found in 2ms (ActiveRecord: 0.0ms)
I, [2016-07-16T21:55:55.873798 #13807]  INFO -- : Started GET "/" for 115.61.87.62 at 2016-07-16 21:55:55 -0400
I, [2016-07-16T21:55:55.887624 #13807]  INFO -- : Processing by WelcomeController#index as HTML
I, [2016-07-16T21:55:55.888810 #13807]  INFO -- : Redirected to http://travel.sina.com.cn/articles
I, [2016-07-16T21:55:55.889406 #13807]  INFO -- : Completed 302 Found in 1ms (ActiveRecord: 0.0ms)
I, [2016-07-16T21:55:56.175308 #13805]  INFO -- : Started GET "/articles" for 115.61.87.62 at 2016-07-16 21:55:56 -0400
I, [2016-07-16T21:55:56.181303 #13805]  INFO -- : Processing by ArticlesController#index as HTML
D, [2016-07-16T21:55:56.188316 #13805] DEBUG -- :   [1m[36mArticle Load (1.4ms)[0m  [1mSELECT "articles".* FROM "articles"[0m
I, [2016-07-16T21:55:56.190114 #13805]  INFO -- :   Rendered articles/index.html.erb within layouts/application (5.7ms)
I, [2016-07-16T21:55:56.194369 #13805]  INFO -- : Completed 200 OK in 13ms (Views: 10.1ms | ActiveRecord: 1.4ms)
I, [2016-07-16T22:43:19.428902 #13807]  INFO -- : Started GET "/" for 222.95.251.11 at 2016-07-16 22:43:19 -0400
I, [2016-07-16T22:43:19.435496 #13807]  INFO -- : Processing by WelcomeController#index as */*
I, [2016-07-16T22:43:19.436403 #13807]  INFO -- : Redirected to http://www.baidu.com/articles
I, [2016-07-16T22:43:19.436835 #13807]  INFO -- : Completed 302 Found in 1ms (ActiveRecord: 0.0ms)
I, [2016-07-17T00:00:44.839696 #13811]  INFO -- : Started GET "/" for 220.180.172.124 at 2016-07-17 00:00:44 -0400
I, [2016-07-17T00:00:44.852045 #13811]  INFO -- : Processing by WelcomeController#index as HTML
I, [2016-07-17T00:00:44.853852 #13811]  INFO -- : Redirected to http://mp3.sogou.com/articles
I, [2016-07-17T00:00:44.854385 #13811]  INFO -- : Completed 302 Found in 2ms (ActiveRecord: 0.0ms)
I, [2016-07-17T00:00:45.144958 #13805]  INFO -- : Started GET "/articles" for 220.180.172.124 at 2016-07-17 00:00:45 -0400
I, [2016-07-17T00:00:45.154060 #13805]  INFO -- : Processing by ArticlesController#index as HTML
D, [2016-07-17T00:00:45.164748 #13805] DEBUG -- :   [1m[35mArticle Load (1.7ms)[0m  SELECT "articles".* FROM "articles"
I, [2016-07-17T00:00:45.169178 #13805]  INFO -- :   Rendered articles/index.html.erb within layouts/application (9.8ms)
I, [2016-07-17T00:00:45.175202 #13805]  INFO -- : Completed 200 OK in 21ms (Views: 15.9ms | ActiveRecord: 1.7ms)
I, [2016-07-17T00:00:49.757960 #13811]  INFO -- : Started GET "/" for 220.180.172.124 at 2016-07-17 00:00:49 -0400
I, [2016-07-17T00:00:49.759979 #13811]  INFO -- : Processing by WelcomeController#index as HTML
I, [2016-07-17T00:00:49.760343 #13811]  INFO -- : Redirected to http://www.jrj.com.cn/articles
I, [2016-07-17T00:00:49.760522 #13811]  INFO -- : Completed 302 Found in 0ms (ActiveRecord: 0.0ms)
I, [2016-07-17T00:00:50.013944 #13802]  INFO -- : Started GET "/articles" for 220.180.172.124 at 2016-07-17 00:00:50 -0400
I, [2016-07-17T00:00:50.031085 #13802]  INFO -- : Processing by ArticlesController#index as HTML
D, [2016-07-17T00:00:50.037789 #13802] DEBUG -- :   [1m[36mArticle Load (1.2ms)[0m  [1mSELECT "articles".* FROM "articles"[0m
I, [2016-07-17T00:00:50.039946 #13802]  INFO -- :   Rendered articles/index.html.erb within layouts/application (6.0ms)
I, [2016-07-17T00:00:50.043284 #13802]  INFO -- : Completed 200 OK in 12ms (Views: 9.0ms | ActiveRecord: 1.2ms)
I, [2016-07-17T00:59:53.265507 #13807]  INFO -- : Started GET "/testproxy.php" for 185.25.151.159 at 2016-07-17 00:59:53 -0400
F, [2016-07-17T00:59:53.278187 #13807] FATAL -- : 
ActionController::RoutingError (No route matches [GET] "/testproxy.php"):
  actionpack (4.2.6) lib/action_dispatch/middleware/debug_exceptions.rb:21:in `call'
  actionpack (4.2.6) lib/action_dispatch/middleware/show_exceptions.rb:30:in `call'
  railties (4.2.6) lib/rails/rack/logger.rb:38:in `call_app'
  railties (4.2.6) lib/rails/rack/logger.rb:20:in `block in call'
  activesupport (4.2.6) lib/active_support/tagged_logging.rb:68:in `block in tagged'
  activesupport (4.2.6) lib/active_support/tagged_logging.rb:26:in `tagged'
  activesupport (4.2.6) lib/active_support/tagged_logging.rb:68:in `tagged'
  railties (4.2.6) lib/rails/rack/logger.rb:20:in `call'
  actionpack (4.2.6) lib/action_dispatch/middleware/request_id.rb:21:in `call'
  rack (1.6.4) lib/rack/methodoverride.rb:22:in `call'
  rack (1.6.4) lib/rack/runtime.rb:18:in `call'
  activesupport (4.2.6) lib/active_support/cache/strategy/local_cache_middleware.rb:28:in `call'
  rack (1.6.4) lib/rack/sendfile.rb:113:in `call'
  railties (4.2.6) lib/rails/engine.rb:518:in `call'
  railties (4.2.6) lib/rails/application.rb:165:in `call'
  unicorn (5.0.1) lib/unicorn/http_server.rb:562:in `process_client'
  unicorn (5.0.1) lib/unicorn/http_server.rb:658:in `worker_loop'
  unicorn (5.0.1) lib/unicorn/http_server.rb:508:in `spawn_missing_workers'
  unicorn (5.0.1) lib/unicorn/http_server.rb:132:in `start'
  unicorn (5.0.1) bin/unicorn:126:in `<top (required)>'
  /usr/local/rvm/gems/ruby-2.2.1/bin/unicorn:23:in `load'
  /usr/local/rvm/gems/ruby-2.2.1/bin/unicorn:23:in `<main>'
  /usr/local/rvm/gems/ruby-2.2.1@global/bin/ruby_executable_hooks:15:in `eval'
  /usr/local/rvm/gems/ruby-2.2.1@global/bin/ruby_executable_hooks:15:in `<main>'


I, [2016-07-17T01:24:18.880711 #13805]  INFO -- : Started GET "/testproxy.php" for 185.25.151.159 at 2016-07-17 01:24:18 -0400
F, [2016-07-17T01:24:18.889533 #13805] FATAL -- : 
ActionController::RoutingError (No route matches [GET] "/testproxy.php"):
  actionpack (4.2.6) lib/action_dispatch/middleware/debug_exceptions.rb:21:in `call'
  actionpack (4.2.6) lib/action_dispatch/middleware/show_exceptions.rb:30:in `call'
  railties (4.2.6) lib/rails/rack/logger.rb:38:in `call_app'
  railties (4.2.6) lib/rails/rack/logger.rb:20:in `block in call'
  activesupport (4.2.6) lib/active_support/tagged_logging.rb:68:in `block in tagged'
  activesupport (4.2.6) lib/active_support/tagged_logging.rb:26:in `tagged'
  activesupport (4.2.6) lib/active_support/tagged_logging.rb:68:in `tagged'
  railties (4.2.6) lib/rails/rack/logger.rb:20:in `call'
  actionpack (4.2.6) lib/action_dispatch/middleware/request_id.rb:21:in `call'
  rack (1.6.4) lib/rack/methodoverride.rb:22:in `call'
  rack (1.6.4) lib/rack/runtime.rb:18:in `call'
  activesupport (4.2.6) lib/active_support/cache/strategy/local_cache_middleware.rb:28:in `call'
  rack (1.6.4) lib/rack/sendfile.rb:113:in `call'
  railties (4.2.6) lib/rails/engine.rb:518:in `call'
  railties (4.2.6) lib/rails/application.rb:165:in `call'
  unicorn (5.0.1) lib/unicorn/http_server.rb:562:in `process_client'
  unicorn (5.0.1) lib/unicorn/http_server.rb:658:in `worker_loop'
  unicorn (5.0.1) lib/unicorn/http_server.rb:508:in `spawn_missing_workers'
  unicorn (5.0.1) lib/unicorn/http_server.rb:132:in `start'
  unicorn (5.0.1) bin/unicorn:126:in `<top (required)>'
  /usr/local/rvm/gems/ruby-2.2.1/bin/unicorn:23:in `load'
  /usr/local/rvm/gems/ruby-2.2.1/bin/unicorn:23:in `<main>'
  /usr/local/rvm/gems/ruby-2.2.1@global/bin/ruby_executable_hooks:15:in `eval'
  /usr/local/rvm/gems/ruby-2.2.1@global/bin/ruby_executable_hooks:15:in `<main>'


I, [2016-07-17T02:18:40.707770 #13802]  INFO -- : Started GET "/" for 80.82.70.24 at 2016-07-17 02:18:40 -0400
I, [2016-07-17T02:18:40.718786 #13802]  INFO -- : Processing by WelcomeController#index as HTML
I, [2016-07-17T02:18:40.720222 #13802]  INFO -- : Redirected to http://httpheader.net/articles
I, [2016-07-17T02:18:40.720724 #13802]  INFO -- : Completed 302 Found in 2ms (ActiveRecord: 0.0ms)
I, [2016-07-17T02:18:40.977133 #13807]  INFO -- : Started GET "/articles" for 80.82.70.24 at 2016-07-17 02:18:40 -0400
I, [2016-07-17T02:18:40.985772 #13807]  INFO -- : Processing by ArticlesController#index as HTML
D, [2016-07-17T02:18:40.993630 #13807] DEBUG -- :   [1m[35mArticle Load (1.2ms)[0m  SELECT "articles".* FROM "articles"
I, [2016-07-17T02:18:40.995732 #13807]  INFO -- :   Rendered articles/index.html.erb within layouts/application (7.6ms)
I, [2016-07-17T02:18:40.999480 #13807]  INFO -- : Completed 200 OK in 13ms (Views: 11.1ms | ActiveRecord: 1.2ms)
I, [2016-07-17T02:37:19.397035 #13811]  INFO -- : Started GET "/" for 222.95.251.11 at 2016-07-17 02:37:19 -0400
I, [2016-07-17T02:37:19.406737 #13811]  INFO -- : Processing by WelcomeController#index as */*
I, [2016-07-17T02:37:19.408125 #13811]  INFO -- : Redirected to http://www.baidu.com/articles
I, [2016-07-17T02:37:19.408684 #13811]  INFO -- : Completed 302 Found in 2ms (ActiveRecord: 0.0ms)
I, [2016-07-17T03:07:17.313490 #13807]  INFO -- : Started GET "/" for 220.180.172.124 at 2016-07-17 03:07:17 -0400
I, [2016-07-17T03:07:17.322500 #13807]  INFO -- : Processing by WelcomeController#index as HTML
I, [2016-07-17T03:07:17.324181 #13807]  INFO -- : Redirected to http://www.iqilu.com/articles
I, [2016-07-17T03:07:17.324568 #13807]  INFO -- : Completed 302 Found in 2ms (ActiveRecord: 0.0ms)
I, [2016-07-17T03:07:18.672524 #13802]  INFO -- : Started GET "/articles" for 220.180.172.124 at 2016-07-17 03:07:18 -0400
I, [2016-07-17T03:07:18.682179 #13802]  INFO -- : Processing by ArticlesController#index as HTML
D, [2016-07-17T03:07:18.690152 #13802] DEBUG -- :   [1m[35mArticle Load (1.3ms)[0m  SELECT "articles".* FROM "articles"
I, [2016-07-17T03:07:18.692224 #13802]  INFO -- :   Rendered articles/index.html.erb within layouts/application (6.2ms)
I, [2016-07-17T03:07:18.696865 #13802]  INFO -- : Completed 200 OK in 14ms (Views: 10.3ms | ActiveRecord: 1.3ms)
I, [2016-07-17T04:12:59.505382 #13802]  INFO -- : Started GET "/" for 115.61.87.62 at 2016-07-17 04:12:59 -0400
I, [2016-07-17T04:12:59.515828 #13802]  INFO -- : Processing by WelcomeController#index as HTML
I, [2016-07-17T04:12:59.516962 #13802]  INFO -- : Redirected to http://www.techweb.com.cn/articles
I, [2016-07-17T04:12:59.517368 #13802]  INFO -- : Completed 302 Found in 1ms (ActiveRecord: 0.0ms)
I, [2016-07-17T04:12:59.834265 #13805]  INFO -- : Started GET "/articles" for 115.61.87.62 at 2016-07-17 04:12:59 -0400
I, [2016-07-17T04:12:59.842568 #13805]  INFO -- : Processing by ArticlesController#index as HTML
D, [2016-07-17T04:12:59.848888 #13805] DEBUG -- :   [1m[36mArticle Load (1.0ms)[0m  [1mSELECT "articles".* FROM "articles"[0m
I, [2016-07-17T04:12:59.850609 #13805]  INFO -- :   Rendered articles/index.html.erb within layouts/application (5.1ms)
I, [2016-07-17T04:12:59.854084 #13805]  INFO -- : Completed 200 OK in 11ms (Views: 8.5ms | ActiveRecord: 1.0ms)
I, [2016-07-17T04:13:01.516424 #13802]  INFO -- : Started GET "/" for 115.61.87.62 at 2016-07-17 04:13:01 -0400
I, [2016-07-17T04:13:01.521030 #13802]  INFO -- : Processing by WelcomeController#index as HTML
I, [2016-07-17T04:13:01.521746 #13802]  INFO -- : Redirected to http://www.xinhuanet.com/articles
I, [2016-07-17T04:13:01.522017 #13802]  INFO -- : Completed 302 Found in 1ms (ActiveRecord: 0.0ms)
I, [2016-07-17T04:13:01.824181 #13805]  INFO -- : Started GET "/articles" for 115.61.87.62 at 2016-07-17 04:13:01 -0400
I, [2016-07-17T04:13:01.826458 #13805]  INFO -- : Processing by ArticlesController#index as HTML
D, [2016-07-17T04:13:01.829555 #13805] DEBUG -- :   [1m[35mArticle Load (1.1ms)[0m  SELECT "articles".* FROM "articles"
I, [2016-07-17T04:13:01.831443 #13805]  INFO -- :   Rendered articles/index.html.erb within layouts/application (3.8ms)
I, [2016-07-17T04:13:01.834359 #13805]  INFO -- : Completed 200 OK in 8ms (Views: 5.9ms | ActiveRecord: 1.1ms)
I, [2016-07-17T04:13:03.832928 #13802]  INFO -- : Started GET "/" for 115.61.87.62 at 2016-07-17 04:13:03 -0400
I, [2016-07-17T04:13:03.835542 #13802]  INFO -- : Processing by WelcomeController#index as HTML
I, [2016-07-17T04:13:03.836205 #13802]  INFO -- : Redirected to http://www.henan100.com/articles
I, [2016-07-17T04:13:03.836482 #13802]  INFO -- : Completed 302 Found in 1ms (ActiveRecord: 0.0ms)
I, [2016-07-17T04:13:04.152390 #13811]  INFO -- : Started GET "/articles" for 115.61.87.62 at 2016-07-17 04:13:04 -0400
I, [2016-07-17T04:13:04.162267 #13811]  INFO -- : Processing by ArticlesController#index as HTML
D, [2016-07-17T04:13:04.169435 #13811] DEBUG -- :   [1m[36mArticle Load (0.9ms)[0m  [1mSELECT "articles".* FROM "articles"[0m
I, [2016-07-17T04:13:04.172018 #13811]  INFO -- :   Rendered articles/index.html.erb within layouts/application (6.2ms)
I, [2016-07-17T04:13:04.176226 #13811]  INFO -- : Completed 200 OK in 13ms (Views: 10.5ms | ActiveRecord: 0.9ms)
I, [2016-07-17T04:15:59.532493 #13805]  INFO -- : Started GET "/" for 200.98.140.11 at 2016-07-17 04:15:59 -0400
I, [2016-07-17T04:15:59.539747 #13805]  INFO -- : Processing by WelcomeController#index as HTML
I, [2016-07-17T04:15:59.540809 #13805]  INFO -- : Redirected to http://localhost/articles
I, [2016-07-17T04:15:59.541156 #13805]  INFO -- : Completed 302 Found in 1ms (ActiveRecord: 0.0ms)
I, [2016-07-17T04:20:20.479092 #13802]  INFO -- : Started GET "/" for 115.61.87.62 at 2016-07-17 04:20:20 -0400
I, [2016-07-17T04:20:20.489818 #13802]  INFO -- : Processing by WelcomeController#index as HTML
I, [2016-07-17T04:20:20.491388 #13802]  INFO -- : Redirected to http://www.meitu.com/articles
I, [2016-07-17T04:20:20.491862 #13802]  INFO -- : Completed 302 Found in 1ms (ActiveRecord: 0.0ms)
I, [2016-07-17T04:20:20.801664 #13811]  INFO -- : Started GET "/articles" for 115.61.87.62 at 2016-07-17 04:20:20 -0400
I, [2016-07-17T04:20:20.814410 #13811]  INFO -- : Processing by ArticlesController#index as HTML
D, [2016-07-17T04:20:20.827659 #13811] DEBUG -- :   [1m[35mArticle Load (1.7ms)[0m  SELECT "articles".* FROM "articles"
I, [2016-07-17T04:20:20.830081 #13811]  INFO -- :   Rendered articles/index.html.erb within layouts/application (9.1ms)
I, [2016-07-17T04:20:20.836550 #13811]  INFO -- : Completed 200 OK in 22ms (Views: 17.7ms | ActiveRecord: 1.7ms)
I, [2016-07-17T06:27:39.326739 #13811]  INFO -- : Started GET "/" for 200.98.140.11 at 2016-07-17 06:27:39 -0400
I, [2016-07-17T06:27:39.337657 #13811]  INFO -- : Processing by WelcomeController#index as HTML
I, [2016-07-17T06:27:39.338984 #13811]  INFO -- : Redirected to http://localhost/articles
I, [2016-07-17T06:27:39.339402 #13811]  INFO -- : Completed 302 Found in 1ms (ActiveRecord: 0.0ms)
I, [2016-07-17T06:33:22.731232 #13805]  INFO -- : Started GET "/" for 222.95.251.11 at 2016-07-17 06:33:22 -0400
I, [2016-07-17T06:33:22.740617 #13805]  INFO -- : Processing by WelcomeController#index as */*
I, [2016-07-17T06:33:22.741378 #13805]  INFO -- : Redirected to http://www.baidu.com/articles
I, [2016-07-17T06:33:22.741756 #13805]  INFO -- : Completed 302 Found in 1ms (ActiveRecord: 0.0ms)
I, [2016-07-17T07:38:00.913473 #13802]  INFO -- : Started GET "/" for 200.98.140.11 at 2016-07-17 07:38:00 -0400
I, [2016-07-17T07:38:00.927008 #13802]  INFO -- : Processing by WelcomeController#index as HTML
I, [2016-07-17T07:38:00.928483 #13802]  INFO -- : Redirected to http://localhost/articles
I, [2016-07-17T07:38:00.928974 #13802]  INFO -- : Completed 302 Found in 2ms (ActiveRecord: 0.0ms)
I, [2016-07-17T09:26:29.406675 #13802]  INFO -- : Started GET "/" for 115.61.87.62 at 2016-07-17 09:26:29 -0400
I, [2016-07-17T09:26:29.416495 #13802]  INFO -- : Processing by WelcomeController#index as HTML
I, [2016-07-17T09:26:29.417638 #13802]  INFO -- : Redirected to http://vhouse.163.com/articles
I, [2016-07-17T09:26:29.417978 #13802]  INFO -- : Completed 302 Found in 1ms (ActiveRecord: 0.0ms)
I, [2016-07-17T09:26:29.729462 #13811]  INFO -- : Started GET "/articles" for 115.61.87.62 at 2016-07-17 09:26:29 -0400
I, [2016-07-17T09:26:29.739747 #13811]  INFO -- : Processing by ArticlesController#index as HTML
D, [2016-07-17T09:26:29.747495 #13811] DEBUG -- :   [1m[36mArticle Load (1.3ms)[0m  [1mSELECT "articles".* FROM "articles"[0m
I, [2016-07-17T09:26:29.749911 #13811]  INFO -- :   Rendered articles/index.html.erb within layouts/application (7.3ms)
I, [2016-07-17T09:26:29.753672 #13811]  INFO -- : Completed 200 OK in 14ms (Views: 10.9ms | ActiveRecord: 1.3ms)
I, [2016-07-17T09:26:31.394559 #13802]  INFO -- : Started GET "/" for 115.61.87.62 at 2016-07-17 09:26:31 -0400
I, [2016-07-17T09:26:31.396408 #13802]  INFO -- : Processing by WelcomeController#index as HTML
I, [2016-07-17T09:26:31.397093 #13802]  INFO -- : Redirected to http://biji.baidu.com/articles
I, [2016-07-17T09:26:31.397296 #13802]  INFO -- : Completed 302 Found in 1ms (ActiveRecord: 0.0ms)
I, [2016-07-17T09:26:31.704239 #13807]  INFO -- : Started GET "/articles" for 115.61.87.62 at 2016-07-17 09:26:31 -0400
I, [2016-07-17T09:26:31.712381 #13807]  INFO -- : Processing by ArticlesController#index as HTML
D, [2016-07-17T09:26:31.720147 #13807] DEBUG -- :   [1m[36mArticle Load (1.3ms)[0m  [1mSELECT "articles".* FROM "articles"[0m
I, [2016-07-17T09:26:31.722505 #13807]  INFO -- :   Rendered articles/index.html.erb within layouts/application (6.9ms)
I, [2016-07-17T09:26:31.727390 #13807]  INFO -- : Completed 200 OK in 15ms (Views: 11.5ms | ActiveRecord: 1.3ms)
I, [2016-07-17T10:30:33.965503 #13807]  INFO -- : Started GET "/" for 222.95.251.11 at 2016-07-17 10:30:33 -0400
I, [2016-07-17T10:30:33.978156 #13807]  INFO -- : Processing by WelcomeController#index as */*
I, [2016-07-17T10:30:33.979260 #13807]  INFO -- : Redirected to http://www.baidu.com/articles
I, [2016-07-17T10:30:33.979719 #13807]  INFO -- : Completed 302 Found in 1ms (ActiveRecord: 0.0ms)
I, [2016-07-17T10:34:45.939017 #13811]  INFO -- : Started GET "/testproxy.php" for 185.25.151.159 at 2016-07-17 10:34:45 -0400
F, [2016-07-17T10:34:45.947629 #13811] FATAL -- : 
ActionController::RoutingError (No route matches [GET] "/testproxy.php"):
  actionpack (4.2.6) lib/action_dispatch/middleware/debug_exceptions.rb:21:in `call'
  actionpack (4.2.6) lib/action_dispatch/middleware/show_exceptions.rb:30:in `call'
  railties (4.2.6) lib/rails/rack/logger.rb:38:in `call_app'
  railties (4.2.6) lib/rails/rack/logger.rb:20:in `block in call'
  activesupport (4.2.6) lib/active_support/tagged_logging.rb:68:in `block in tagged'
  activesupport (4.2.6) lib/active_support/tagged_logging.rb:26:in `tagged'
  activesupport (4.2.6) lib/active_support/tagged_logging.rb:68:in `tagged'
  railties (4.2.6) lib/rails/rack/logger.rb:20:in `call'
  actionpack (4.2.6) lib/action_dispatch/middleware/request_id.rb:21:in `call'
  rack (1.6.4) lib/rack/methodoverride.rb:22:in `call'
  rack (1.6.4) lib/rack/runtime.rb:18:in `call'
  activesupport (4.2.6) lib/active_support/cache/strategy/local_cache_middleware.rb:28:in `call'
  rack (1.6.4) lib/rack/sendfile.rb:113:in `call'
  railties (4.2.6) lib/rails/engine.rb:518:in `call'
  railties (4.2.6) lib/rails/application.rb:165:in `call'
  unicorn (5.0.1) lib/unicorn/http_server.rb:562:in `process_client'
  unicorn (5.0.1) lib/unicorn/http_server.rb:658:in `worker_loop'
  unicorn (5.0.1) lib/unicorn/http_server.rb:508:in `spawn_missing_workers'
  unicorn (5.0.1) lib/unicorn/http_server.rb:132:in `start'
  unicorn (5.0.1) bin/unicorn:126:in `<top (required)>'
  /usr/local/rvm/gems/ruby-2.2.1/bin/unicorn:23:in `load'
  /usr/local/rvm/gems/ruby-2.2.1/bin/unicorn:23:in `<main>'
  /usr/local/rvm/gems/ruby-2.2.1@global/bin/ruby_executable_hooks:15:in `eval'
  /usr/local/rvm/gems/ruby-2.2.1@global/bin/ruby_executable_hooks:15:in `<main>'


I, [2016-07-17T11:00:55.622988 #13802]  INFO -- : Started GET "/" for 115.61.87.62 at 2016-07-17 11:00:55 -0400
I, [2016-07-17T11:00:55.635284 #13802]  INFO -- : Processing by WelcomeController#index as HTML
I, [2016-07-17T11:00:55.636799 #13802]  INFO -- : Redirected to http://www.bestpay.com.cn/articles
I, [2016-07-17T11:00:55.637536 #13802]  INFO -- : Completed 302 Found in 2ms (ActiveRecord: 0.0ms)
I, [2016-07-17T11:00:55.947843 #13811]  INFO -- : Started GET "/articles" for 115.61.87.62 at 2016-07-17 11:00:55 -0400
I, [2016-07-17T11:00:55.958918 #13811]  INFO -- : Processing by ArticlesController#index as HTML
D, [2016-07-17T11:00:55.970196 #13811] DEBUG -- :   [1m[35mArticle Load (2.0ms)[0m  SELECT "articles".* FROM "articles"
I, [2016-07-17T11:00:55.973790 #13811]  INFO -- :   Rendered articles/index.html.erb within layouts/application (10.6ms)
I, [2016-07-17T11:00:55.980250 #13811]  INFO -- : Completed 200 OK in 21ms (Views: 17.2ms | ActiveRecord: 2.0ms)
I, [2016-07-17T14:29:08.064467 #13811]  INFO -- : Started GET "/" for 222.95.251.11 at 2016-07-17 14:29:08 -0400
I, [2016-07-17T14:29:08.077444 #13811]  INFO -- : Processing by WelcomeController#index as */*
I, [2016-07-17T14:29:08.078598 #13811]  INFO -- : Redirected to http://www.baidu.com/articles
I, [2016-07-17T14:29:08.079049 #13811]  INFO -- : Completed 302 Found in 1ms (ActiveRecord: 0.0ms)
I, [2016-07-17T14:40:31.133613 #13805]  INFO -- : Started GET "/" for 200.98.140.11 at 2016-07-17 14:40:31 -0400
I, [2016-07-17T14:40:31.142925 #13805]  INFO -- : Processing by WelcomeController#index as HTML
I, [2016-07-17T14:40:31.144023 #13805]  INFO -- : Redirected to http://localhost/articles
I, [2016-07-17T14:40:31.144667 #13805]  INFO -- : Completed 302 Found in 1ms (ActiveRecord: 0.0ms)
I, [2016-07-17T15:17:15.993474 #13807]  INFO -- : Started GET "/testproxy.php" for 185.25.148.240 at 2016-07-17 15:17:15 -0400
F, [2016-07-17T15:17:16.003698 #13807] FATAL -- : 
ActionController::RoutingError (No route matches [GET] "/testproxy.php"):
  actionpack (4.2.6) lib/action_dispatch/middleware/debug_exceptions.rb:21:in `call'
  actionpack (4.2.6) lib/action_dispatch/middleware/show_exceptions.rb:30:in `call'
  railties (4.2.6) lib/rails/rack/logger.rb:38:in `call_app'
  railties (4.2.6) lib/rails/rack/logger.rb:20:in `block in call'
  activesupport (4.2.6) lib/active_support/tagged_logging.rb:68:in `block in tagged'
  activesupport (4.2.6) lib/active_support/tagged_logging.rb:26:in `tagged'
  activesupport (4.2.6) lib/active_support/tagged_logging.rb:68:in `tagged'
  railties (4.2.6) lib/rails/rack/logger.rb:20:in `call'
  actionpack (4.2.6) lib/action_dispatch/middleware/request_id.rb:21:in `call'
  rack (1.6.4) lib/rack/methodoverride.rb:22:in `call'
  rack (1.6.4) lib/rack/runtime.rb:18:in `call'
  activesupport (4.2.6) lib/active_support/cache/strategy/local_cache_middleware.rb:28:in `call'
  rack (1.6.4) lib/rack/sendfile.rb:113:in `call'
  railties (4.2.6) lib/rails/engine.rb:518:in `call'
  railties (4.2.6) lib/rails/application.rb:165:in `call'
  unicorn (5.0.1) lib/unicorn/http_server.rb:562:in `process_client'
  unicorn (5.0.1) lib/unicorn/http_server.rb:658:in `worker_loop'
  unicorn (5.0.1) lib/unicorn/http_server.rb:508:in `spawn_missing_workers'
  unicorn (5.0.1) lib/unicorn/http_server.rb:132:in `start'
  unicorn (5.0.1) bin/unicorn:126:in `<top (required)>'
  /usr/local/rvm/gems/ruby-2.2.1/bin/unicorn:23:in `load'
