D, [2016-07-14T18:29:20.475732 #13694] DEBUG -- :   [1m[36m (7.4ms)[0m  [1mCREATE TABLE "schema_migrations" ("version" character varying NOT NULL) [0m
D, [2016-07-14T18:29:20.483789 #13694] DEBUG -- :   [1m[35m (3.4ms)[0m  CREATE UNIQUE INDEX  "unique_schema_migrations" ON "schema_migrations"  ("version")
D, [2016-07-14T18:29:20.485811 #13694] DEBUG -- :   [1m[36mActiveRecord::SchemaMigration Load (0.4ms)[0m  [1mSELECT "schema_migrations".* FROM "schema_migrations"[0m
I, [2016-07-14T18:29:20.489688 #13694]  INFO -- : Migrating to CreateUsers (20160708200613)
D, [2016-07-14T18:29:20.490524 #13694] DEBUG -- :   [1m[35m (0.1ms)[0m  BEGIN
D, [2016-07-14T18:29:20.508190 #13694] DEBUG -- :   [1m[36m (12.0ms)[0m  [1mCREATE TABLE "users" ("id" serial primary key, "first_name" character varying, "last_name" character varying, "username" character varying, "email" character varying, "password_digest" character varying, "admin" boolean DEFAULT 'f', "created_at" timestamp, "updated_at" timestamp) [0m
D, [2016-07-14T18:29:20.518276 #13694] DEBUG -- :   [1m[35mSQL (0.6ms)[0m  INSERT INTO "schema_migrations" ("version") VALUES ($1)  [["version", "20160708200613"]]
D, [2016-07-14T18:29:20.520726 #13694] DEBUG -- :   [1m[36m (2.0ms)[0m  [1mCOMMIT[0m
I, [2016-07-14T18:29:20.520817 #13694]  INFO -- : Migrating to CreateArticles (20160708200626)
D, [2016-07-14T18:29:20.521750 #13694] DEBUG -- :   [1m[35m (0.2ms)[0m  BEGIN
D, [2016-07-14T18:29:20.530156 #13694] DEBUG -- :   [1m[36m (6.7ms)[0m  [1mCREATE TABLE "articles" ("id" serial primary key, "title" character varying, "sub_title" character varying, "readings" text, "content" text, "start_date" date, "end_date" date, "author_id" integer, "tag_id" integer, "book_id" integer, "created_at" timestamp, "updated_at" timestamp) [0m
D, [2016-07-14T18:29:20.532664 #13694] DEBUG -- :   [1m[35mSQL (0.3ms)[0m  INSERT INTO "schema_migrations" ("version") VALUES ($1)  [["version", "20160708200626"]]
D, [2016-07-14T18:29:20.534062 #13694] DEBUG -- :   [1m[36m (1.2ms)[0m  [1mCOMMIT[0m
I, [2016-07-14T18:29:20.534149 #13694]  INFO -- : Migrating to CreateTags (20160708200656)
D, [2016-07-14T18:29:20.535027 #13694] DEBUG -- :   [1m[35m (0.2ms)[0m  BEGIN
D, [2016-07-14T18:29:20.541641 #13694] DEBUG -- :   [1m[36m (5.7ms)[0m  [1mCREATE TABLE "tags" ("id" serial primary key, "name" character varying, "created_at" timestamp, "updated_at" timestamp) [0m
D, [2016-07-14T18:29:20.544589 #13694] DEBUG -- :   [1m[35mSQL (0.2ms)[0m  INSERT INTO "schema_migrations" ("version") VALUES ($1)  [["version", "20160708200656"]]
D, [2016-07-14T18:29:20.545957 #13694] DEBUG -- :   [1m[36m (1.1ms)[0m  [1mCOMMIT[0m
I, [2016-07-14T18:29:20.546043 #13694]  INFO -- : Migrating to CreateComments (20160708200714)
D, [2016-07-14T18:29:20.547175 #13694] DEBUG -- :   [1m[35m (0.4ms)[0m  BEGIN
D, [2016-07-14T18:29:20.553944 #13694] DEBUG -- :   [1m[36m (5.8ms)[0m  [1mCREATE TABLE "comments" ("id" serial primary key, "content" text, "commentable_type" character varying, "commentable_id" integer, "author_id" integer, "created_at" timestamp, "updated_at" timestamp) [0m
D, [2016-07-14T18:29:20.557026 #13694] DEBUG -- :   [1m[35mSQL (0.2ms)[0m  INSERT INTO "schema_migrations" ("version") VALUES ($1)  [["version", "20160708200714"]]
D, [2016-07-14T18:29:20.558416 #13694] DEBUG -- :   [1m[36m (1.2ms)[0m  [1mCOMMIT[0m
I, [2016-07-14T18:29:20.558495 #13694]  INFO -- : Migrating to CreateCategories (20160708202634)
D, [2016-07-14T18:29:20.559320 #13694] DEBUG -- :   [1m[35m (0.2ms)[0m  BEGIN
D, [2016-07-14T18:29:20.563584 #13694] DEBUG -- :   [1m[36m (3.3ms)[0m  [1mCREATE TABLE "categories" ("id" serial primary key, "tag_id" integer, "article_id" integer, "created_at" timestamp, "updated_at" timestamp) [0m
D, [2016-07-14T18:29:20.565362 #13694] DEBUG -- :   [1m[35mSQL (0.2ms)[0m  INSERT INTO "schema_migrations" ("version") VALUES ($1)  [["version", "20160708202634"]]
D, [2016-07-14T18:29:20.566515 #13694] DEBUG -- :   [1m[36m (0.9ms)[0m  [1mCOMMIT[0m
I, [2016-07-14T18:29:20.566592 #13694]  INFO -- : Migrating to CreateBooks (20160709211812)
D, [2016-07-14T18:29:20.568534 #13694] DEBUG -- :   [1m[35m (0.2ms)[0m  BEGIN
D, [2016-07-14T18:29:20.575293 #13694] DEBUG -- :   [1m[36m (5.8ms)[0m  [1mCREATE TABLE "books" ("id" serial primary key, "title" character varying, "author" character varying, "publisher" character varying, "image_url" character varying, "article_id" integer, "created_at" timestamp, "updated_at" timestamp) [0m
D, [2016-07-14T18:29:20.577428 #13694] DEBUG -- :   [1m[35mSQL (0.2ms)[0m  INSERT INTO "schema_migrations" ("version") VALUES ($1)  [["version", "20160709211812"]]
D, [2016-07-14T18:29:20.580169 #13694] DEBUG -- :   [1m[36m (1.0ms)[0m  [1mCOMMIT[0m
I, [2016-07-14T18:29:20.580278 #13694]  INFO -- : Migrating to CreateLinks (20160709211818)
D, [2016-07-14T18:29:20.581280 #13694] DEBUG -- :   [1m[35m (0.2ms)[0m  BEGIN
D, [2016-07-14T18:29:20.589270 #13694] DEBUG -- :   [1m[36m (6.9ms)[0m  [1mCREATE TABLE "links" ("id" serial primary key, "title" character varying, "author" character varying, "publication" character varying, "url" character varying, "article_id" integer, "created_at" timestamp, "updated_at" timestamp) [0m
D, [2016-07-14T18:29:20.592666 #13694] DEBUG -- :   [1m[35mSQL (0.2ms)[0m  INSERT INTO "schema_migrations" ("version") VALUES ($1)  [["version", "20160709211818"]]
D, [2016-07-14T18:29:20.594267 #13694] DEBUG -- :   [1m[36m (1.3ms)[0m  [1mCOMMIT[0m
I, [2016-07-14T18:32:43.543762 #13811]  INFO -- : Started GET "/" for 50.129.228.12 at 2016-07-14 18:32:43 -0400
I, [2016-07-14T18:32:43.612907 #13811]  INFO -- : Processing by WelcomeController#index as HTML
I, [2016-07-14T18:32:43.614424 #13811]  INFO -- : Redirected to http://192.241.147.57/articles
I, [2016-07-14T18:32:43.615115 #13811]  INFO -- : Completed 302 Found in 2ms (ActiveRecord: 0.0ms)
I, [2016-07-14T18:32:43.670013 #13807]  INFO -- : Started GET "/articles" for 50.129.228.12 at 2016-07-14 18:32:43 -0400
I, [2016-07-14T18:32:43.725579 #13807]  INFO -- : Processing by ArticlesController#index as HTML
D, [2016-07-14T18:32:43.758347 #13807] DEBUG -- :   [1m[36mArticle Load (1.2ms)[0m  [1mSELECT "articles".* FROM "articles"[0m
I, [2016-07-14T18:32:43.762554 #13807]  INFO -- :   Rendered articles/index.html.erb within layouts/application (18.5ms)
I, [2016-07-14T18:32:43.767188 #13807]  INFO -- : Completed 200 OK in 41ms (Views: 35.8ms | ActiveRecord: 3.1ms)
I, [2016-07-14T18:33:40.826199 #13811]  INFO -- : Started GET "/about" for 50.129.228.12 at 2016-07-14 18:33:40 -0400
I, [2016-07-14T18:33:40.840198 #13811]  INFO -- : Processing by WelcomeController#about as HTML
I, [2016-07-14T18:33:40.862581 #13811]  INFO -- :   Rendered welcome/about.html.erb within layouts/application (1.1ms)
I, [2016-07-14T18:33:40.878409 #13811]  INFO -- : Completed 200 OK in 38ms (Views: 37.0ms | ActiveRecord: 0.0ms)
I, [2016-07-14T18:33:44.195906 #13805]  INFO -- : Started GET "/" for 50.129.228.12 at 2016-07-14 18:33:44 -0400
I, [2016-07-14T18:33:44.262110 #13805]  INFO -- : Processing by WelcomeController#index as HTML
I, [2016-07-14T18:33:44.263334 #13805]  INFO -- : Redirected to http://192.241.147.57/articles
I, [2016-07-14T18:33:44.263791 #13805]  INFO -- : Completed 302 Found in 1ms (ActiveRecord: 0.0ms)
I, [2016-07-14T18:33:44.313686 #13807]  INFO -- : Started GET "/articles" for 50.129.228.12 at 2016-07-14 18:33:44 -0400
I, [2016-07-14T18:33:44.323450 #13807]  INFO -- : Processing by ArticlesController#index as HTML
D, [2016-07-14T18:33:44.332166 #13807] DEBUG -- :   [1m[35mArticle Load (0.9ms)[0m  SELECT "articles".* FROM "articles"
I, [2016-07-14T18:33:44.333138 #13807]  INFO -- :   Rendered articles/index.html.erb within layouts/application (7.2ms)
I, [2016-07-14T18:33:44.336942 #13807]  INFO -- : Completed 200 OK in 13ms (Views: 10.8ms | ActiveRecord: 0.9ms)
I, [2016-07-14T18:43:00.669761 #13805]  INFO -- : Started GET "/" for 50.129.228.12 at 2016-07-14 18:43:00 -0400
I, [2016-07-14T18:43:00.682294 #13805]  INFO -- : Processing by WelcomeController#index as HTML
I, [2016-07-14T18:43:00.684774 #13805]  INFO -- : Redirected to http://thesalmon.club/articles
I, [2016-07-14T18:43:00.685335 #13805]  INFO -- : Completed 302 Found in 3ms (ActiveRecord: 0.0ms)
I, [2016-07-14T18:43:00.764229 #13802]  INFO -- : Started GET "/articles" for 50.129.228.12 at 2016-07-14 18:43:00 -0400
I, [2016-07-14T18:43:00.873148 #13802]  INFO -- : Processing by ArticlesController#index as HTML
D, [2016-07-14T18:43:00.920701 #13802] DEBUG -- :   [1m[36mArticle Load (1.0ms)[0m  [1mSELECT "articles".* FROM "articles"[0m
I, [2016-07-14T18:43:00.925210 #13802]  INFO -- :   Rendered articles/index.html.erb within layouts/application (20.3ms)
I, [2016-07-14T18:43:00.930170 #13802]  INFO -- : Completed 200 OK in 57ms (Views: 48.4ms | ActiveRecord: 3.8ms)
I, [2016-07-14T18:43:06.520873 #13805]  INFO -- : Started GET "/users/new" for 50.129.228.12 at 2016-07-14 18:43:06 -0400
I, [2016-07-14T18:43:06.528797 #13805]  INFO -- : Processing by UsersController#new as HTML
I, [2016-07-14T18:43:06.621458 #13805]  INFO -- :   Rendered users/new.html.erb within layouts/application (31.5ms)
I, [2016-07-14T18:43:06.626105 #13805]  INFO -- : Completed 200 OK in 97ms (Views: 55.8ms | ActiveRecord: 15.0ms)
I, [2016-07-14T18:43:59.741265 #13802]  INFO -- : Started POST "/users" for 50.129.228.12 at 2016-07-14 18:43:59 -0400
I, [2016-07-14T18:43:59.751557 #13802]  INFO -- : Processing by UsersController#create as HTML
I, [2016-07-14T18:43:59.751749 #13802]  INFO -- :   Parameters: {"utf8"=>"✓", "authenticity_token"=>"zazLUKFe4KN4NVkgpSKMOMUeTnxcR54r2yNGXVJftuiT2QLauWTz+vwU9N9Dw7CZmMmbX05dqEMw0KTvBCO+xw==", "user"=>{"first_name"=>"Alex", "last_name"=>"Wen", "username"=>"thatnewwen", "email"=>"alexwen.creates@gmail.com", "password"=>"[FILTERED]", "access_code"=>"admin"}, "commit"=>"register"}
D, [2016-07-14T18:43:59.943496 #13802] DEBUG -- :   [1m[35m (0.3ms)[0m  BEGIN
D, [2016-07-14T18:43:59.954423 #13802] DEBUG -- :   [1m[36mSQL (1.2ms)[0m  [1mINSERT INTO "users" ("first_name", "last_name", "username", "email", "password_digest", "admin", "created_at", "updated_at") VALUES ($1, $2, $3, $4, $5, $6, $7, $8) RETURNING "id"[0m  [["first_name", "Alex"], ["last_name", "Wen"], ["username", "thatnewwen"], ["email", "alexwen.creates@gmail.com"], ["password_digest", "$2a$10$T.MDh0rQmF9uZlTl6LfkW.hYgA9BEWX9LF3i8u7keVDFuhay.SyzS"], ["admin", "t"], ["created_at", "2016-07-14 22:43:59.944852"], ["updated_at", "2016-07-14 22:43:59.944852"]]
D, [2016-07-14T18:43:59.956762 #13802] DEBUG -- :   [1m[35m (0.8ms)[0m  COMMIT
I, [2016-07-14T18:43:59.957566 #13802]  INFO -- : Redirected to http://thesalmon.club/login
I, [2016-07-14T18:43:59.957822 #13802]  INFO -- : Completed 302 Found in 206ms (ActiveRecord: 7.4ms)
I, [2016-07-14T18:44:00.005292 #13807]  INFO -- : Started GET "/login" for 50.129.228.12 at 2016-07-14 18:44:00 -0400
I, [2016-07-14T18:44:00.019965 #13807]  INFO -- : Processing by SessionsController#new as HTML
I, [2016-07-14T18:44:00.058527 #13807]  INFO -- :   Rendered sessions/new.html.erb within layouts/application (12.4ms)
I, [2016-07-14T18:44:00.061436 #13807]  INFO -- : Completed 200 OK in 41ms (Views: 40.3ms | ActiveRecord: 0.0ms)
I, [2016-07-14T18:44:04.520720 #13802]  INFO -- : Started POST "/login" for 50.129.228.12 at 2016-07-14 18:44:04 -0400
I, [2016-07-14T18:44:04.526280 #13802]  INFO -- : Processing by SessionsController#create as HTML
I, [2016-07-14T18:44:04.526398 #13802]  INFO -- :   Parameters: {"utf8"=>"✓", "authenticity_token"=>"YVejYDIXds6BaYbHa17Vei3zaFv1a5zNT0T1Rsc57Hs/ImrqKi1llwVIKziNv+nbcCS9eOdxqqWktxf0kUXkVA==", "session"=>{"username"=>"alexwen.creates@gmail.com", "password"=>"[FILTERED]"}, "commit"=>"login"}
D, [2016-07-14T18:44:04.537251 #13802] DEBUG -- :   [1m[36mUser Load (0.5ms)[0m  [1mSELECT  "users".* FROM "users" WHERE "users"."username" = $1 LIMIT 1[0m  [["username", "alexwen.creates@gmail.com"]]
I, [2016-07-14T18:44:04.552213 #13802]  INFO -- :   Rendered sessions/new.html.erb within layouts/application (8.9ms)
I, [2016-07-14T18:44:04.554469 #13802]  INFO -- : Completed 200 OK in 28ms (Views: 16.4ms | ActiveRecord: 0.5ms)
I, [2016-07-14T18:44:14.877458 #13807]  INFO -- : Started POST "/login" for 50.129.228.12 at 2016-07-14 18:44:14 -0400
I, [2016-07-14T18:44:14.881157 #13807]  INFO -- : Processing by SessionsController#create as HTML
I, [2016-07-14T18:44:14.881261 #13807]  INFO -- :   Parameters: {"utf8"=>"✓", "authenticity_token"=>"TNndq1e80+GCWBSbhJR7r7SrAz73LjrZDttZqWZdiU8SrBQhT4bAuAZ5uWRidUcO6XzWHeU0DLHlKLsbMCGBYA==", "session"=>{"username"=>"thatnewwen", "password"=>"[FILTERED]"}, "commit"=>"login"}
D, [2016-07-14T18:44:14.898026 #13807] DEBUG -- :   [1m[36mUser Load (0.7ms)[0m  [1mSELECT  "users".* FROM "users" WHERE "users"."username" = $1 LIMIT 1[0m  [["username", "thatnewwen"]]
I, [2016-07-14T18:44:15.046070 #13807]  INFO -- : Redirected to http://thesalmon.club/
I, [2016-07-14T18:44:15.046330 #13807]  INFO -- : Completed 302 Found in 165ms (ActiveRecord: 6.1ms)
I, [2016-07-14T18:44:15.092319 #13811]  INFO -- : Started GET "/" for 50.129.228.12 at 2016-07-14 18:44:15 -0400
I, [2016-07-14T18:44:15.101871 #13811]  INFO -- : Processing by WelcomeController#index as HTML
I, [2016-07-14T18:44:15.103466 #13811]  INFO -- : Redirected to http://thesalmon.club/articles
I, [2016-07-14T18:44:15.103897 #13811]  INFO -- : Completed 302 Found in 2ms (ActiveRecord: 0.0ms)
I, [2016-07-14T18:44:15.144852 #13807]  INFO -- : Started GET "/articles" for 50.129.228.12 at 2016-07-14 18:44:15 -0400
I, [2016-07-14T18:44:15.147256 #13807]  INFO -- : Processing by ArticlesController#index as HTML
D, [2016-07-14T18:44:15.152255 #13807] DEBUG -- :   [1m[35mUser Load (0.7ms)[0m  SELECT  "users".* FROM "users" WHERE "users"."id" = $1 LIMIT 1  [["id", 1]]
D, [2016-07-14T18:44:15.153812 #13807] DEBUG -- :   [1m[36mArticle Load (0.5ms)[0m  [1mSELECT "articles".* FROM "articles"[0m
I, [2016-07-14T18:44:15.154262 #13807]  INFO -- :   Rendered articles/index.html.erb within layouts/application (5.6ms)
D, [2016-07-14T18:44:15.157285 #13807] DEBUG -- :   [1m[35mCACHE (0.0ms)[0m  SELECT  "users".* FROM "users" WHERE "users"."id" = $1 LIMIT 1  [["id", 1]]
I, [2016-07-14T18:44:15.158342 #13807]  INFO -- : Completed 200 OK in 11ms (Views: 9.1ms | ActiveRecord: 1.2ms)
I, [2016-07-14T18:44:19.133076 #13811]  INFO -- : Started GET "/articles/new" for 50.129.228.12 at 2016-07-14 18:44:19 -0400
I, [2016-07-14T18:44:19.137719 #13811]  INFO -- : Processing by ArticlesController#new as HTML
I, [2016-07-14T18:44:19.198395 #13811]  INFO -- :   Rendered articles/new.html.erb within layouts/application (13.9ms)
D, [2016-07-14T18:44:19.212773 #13811] DEBUG -- :   [1m[36mUser Load (0.5ms)[0m  [1mSELECT  "users".* FROM "users" WHERE "users"."id" = $1 LIMIT 1[0m  [["id", 1]]
I, [2016-07-14T18:44:19.221860 #13811]  INFO -- : Completed 200 OK in 84ms (Views: 50.6ms | ActiveRecord: 7.9ms)
I, [2016-07-14T18:48:39.748148 #13805]  INFO -- : Started POST "/articles" for 50.129.228.12 at 2016-07-14 18:48:39 -0400
I, [2016-07-14T18:48:39.758480 #13805]  INFO -- : Processing by ArticlesController#create as HTML
I, [2016-07-14T18:48:39.759414 #13805]  INFO -- :   Parameters: {"utf8"=>"✓", "authenticity_token"=>"UrOVbBDjTUlU2hd/qReV21F38IXRS6/3mh6dH5IiXtgMxlzmCNleEND7uoBP9ql6DKAlpsNRmZ9x7X+txF5W9w==", "article"=>{"title"=>"Memoirs, Investigative Journalism, and Human Rights", "sub_title"=>"Reading North Korea through Without You, There Is No Us", "start_date"=>"2016-7-13", "end_date"=>"2016-8-03", "content"=>"<p>Published in 2014, Suki Kim&rsquo;s <em>Without You, There Is No Us</em> earned praise for &ldquo;offering a rare and disturbing glimpse into the strangeness, brutality, and claustrophobia of North Korea&rdquo; as well as being &ldquo;emotionally evocative&rdquo; and &ldquo;a vivid, uncompromising, and intensely personal account.&rdquo; &nbsp;But while the text was commended for its detailed, first-person narrative, and expos&eacute; of North Korean life, Kim also faced backlash from critics who raised ethical questions about her methods and writing style.</p>\r\n<p>Kim, who wrote her book after going &nbsp;&ldquo;undercover&rdquo; at an elite North Korean university, was criticized for putting her colleagues and students at risk. &nbsp;As the text was marketed as both memoir and expos&eacute;, Kim&rsquo;s personal and emotional narrative was read as a gross misuse of privilege, another example of an author taking advantage of the less fortunate in order to sell a story.</p>\r\n<p>Responding to critics, Kim explained that her publisher had pressured her into marketing the book as a memoir, and argued that as a Korean American woman, she was seen as less hard-hitting and critical to her white male counterparts who produced &ldquo;investigative journalism.&rdquo; Pointing out this hypocrisy, Kim goes on to state:</p>\r\n<p style=\"padding-left: 30px;\">&ldquo;There are only two kinds of books on North Korea: those by white journalists who visited the country under the regime&rsquo;s supervision, and &ldquo;as told to&rdquo; memoirs by defectors. The intellectual hierarchy is clear&mdash;authority belongs to the white gaze. Orientalism reigns.&rdquo;</p>\r\n<p>Indeed, these narratives of North Korea have followed a human rights framework that continues to be propagated by non-profit organizations such as Liberty in North Korea (LiNK). &nbsp;Viewing North Korea as a dysfunctional, hellish, and helpless state, these narratives limit an understanding of the complex geopolitical situation, and support oppressive and violent regimes of control.</p>\r\n<p>How then, might <em>Without You, There Is No Us</em> compare to these orientalist narratives based on western human rights paradigms? &nbsp;What role does Suki Kim, as a Korean American woman, play in challenging what has been written about North Korea? &nbsp;And read through a literary lens, how might the text function in negotiating the boundaries of the &ldquo;memoir&rdquo; or &ldquo;investigative journalism&rdquo;? &nbsp;This collection of readings looks to propose these questions, and continue encourage us to critically understand the way narratives are built, the role of genre, and the use non-fiction as Asian American literature.</p>", "readings"=>"<ol>\r\n<li><a href=\"https://www.amazon.com/dp/B00JTC9QBO/ref=dp-kindle-redirect?_encoding=UTF8&amp;btkr=1\">Suki Kim. <em>Without You, There Is No Us: My Time with the Sons of North Korea&rsquo;s Elite</em>. New York: Crown, 2014</a>.</li>\r\n<ol>\r\n<li>Synopsis: &ldquo;A haunting account of teaching English to the sons of North Korea&rsquo;s ruling class during the last six months of Kim Jong-il&rsquo;s reign.&rdquo; (Amazon)</li>\r\n<li>&ldquo;This book is a literary nonfiction based on investigative reporting. It contains emotions &amp; personal perspectives &amp; history -- the devices that make a book \"literary.\" The book is not based on memories to explain my life, but based on undercover investigative journalism to convey the psychology of North Korea's future leaders and their very complex and human and inhumane world, seen through my eyes. Those who expect a straightforward reporter's nonfiction, this is not. Those who expect a memoir about a woman's self-discovery, this is not.&rdquo; (Suki Kim)</li>\r\n</ol>\r\n<li>Suki Kim. &ldquo;The Reluctant Memoirist.&rdquo; <em>New Republic</em>. June 27, 2016. <a href=\"https://newrepublic.com/article/133893/reluctant-memoirist\">https://newrepublic.com/article/133893/reluctant-memoirist</a></li>\r\n<li>Christine Hong. &ldquo;Reframing North Korean Human Rights.&rdquo; <em>Critical Asian Studies</em>, 45:4, 511-532. <a href=\"https://drive.google.com/open?id=0Bx_2CK9zST_8WGtpekJ5Z2x0eEU\">https://drive.google.com/open?id=0Bx_2CK9zST_8WGtpekJ5Z2x0eEU</a></li>\r\n</ol>"}, "commit"=>"POST"}
D, [2016-07-14T18:48:39.796814 #13805] DEBUG -- :   [1m[36m (0.3ms)[0m  [1mBEGIN[0m
D, [2016-07-14T18:48:39.812002 #13805] DEBUG -- :   [1m[35mSQL (1.8ms)[0m  INSERT INTO "articles" ("title", "start_date", "end_date", "content", "readings", "sub_title", "author_id", "created_at", "updated_at") VALUES ($1, $2, $3, $4, $5, $6, $7, $8, $9) RETURNING "id"  [["title", "Memoirs, Investigative Journalism, and Human Rights"], ["start_date", "2016-07-13"], ["end_date", "2016-08-03"], ["content", "<p>Published in 2014, Suki Kim&rsquo;s <em>Without You, There Is No Us</em> earned praise for &ldquo;offering a rare and disturbing glimpse into the strangeness, brutality, and claustrophobia of North Korea&rdquo; as well as being &ldquo;emotionally evocative&rdquo; and &ldquo;a vivid, uncompromising, and intensely personal account.&rdquo; &nbsp;But while the text was commended for its detailed, first-person narrative, and expos&eacute; of North Korean life, Kim also faced backlash from critics who raised ethical questions about her methods and writing style.</p>\r\n<p>Kim, who wrote her book after going &nbsp;&ldquo;undercover&rdquo; at an elite North Korean university, was criticized for putting her colleagues and students at risk. &nbsp;As the text was marketed as both memoir and expos&eacute;, Kim&rsquo;s personal and emotional narrative was read as a gross misuse of privilege, another example of an author taking advantage of the less fortunate in order to sell a story.</p>\r\n<p>Responding to critics, Kim explained that her publisher had pressured her into marketing the book as a memoir, and argued that as a Korean American woman, she was seen as less hard-hitting and critical to her white male counterparts who produced &ldquo;investigative journalism.&rdquo; Pointing out this hypocrisy, Kim goes on to state:</p>\r\n<p style=\"padding-left: 30px;\">&ldquo;There are only two kinds of books on North Korea: those by white journalists who visited the country under the regime&rsquo;s supervision, and &ldquo;as told to&rdquo; memoirs by defectors. The intellectual hierarchy is clear&mdash;authority belongs to the white gaze. Orientalism reigns.&rdquo;</p>\r\n<p>Indeed, these narratives of North Korea have followed a human rights framework that continues to be propagated by non-profit organizations such as Liberty in North Korea (LiNK). &nbsp;Viewing North Korea as a dysfunctional, hellish, and helpless state, these narratives limit an understanding of the complex geopolitical situation, and support oppressive and violent regimes of control.</p>\r\n<p>How then, might <em>Without You, There Is No Us</em> compare to these orientalist narratives based on western human rights paradigms? &nbsp;What role does Suki Kim, as a Korean American woman, play in challenging what has been written about North Korea? &nbsp;And read through a literary lens, how might the text function in negotiating the boundaries of the &ldquo;memoir&rdquo; or &ldquo;investigative journalism&rdquo;? &nbsp;This collection of readings looks to propose these questions, and continue encourage us to critically understand the way narratives are built, the role of genre, and the use non-fiction as Asian American literature.</p>"], ["readings", "<ol>\r\n<li><a href=\"https://www.amazon.com/dp/B00JTC9QBO/ref=dp-kindle-redirect?_encoding=UTF8&amp;btkr=1\">Suki Kim. <em>Without You, There Is No Us: My Time with the Sons of North Korea&rsquo;s Elite</em>. New York: Crown, 2014</a>.</li>\r\n<ol>\r\n<li>Synopsis: &ldquo;A haunting account of teaching English to the sons of North Korea&rsquo;s ruling class during the last six months of Kim Jong-il&rsquo;s reign.&rdquo; (Amazon)</li>\r\n<li>&ldquo;This book is a literary nonfiction based on investigative reporting. It contains emotions &amp; personal perspectives &amp; history -- the devices that make a book \"literary.\" The book is not based on memories to explain my life, but based on undercover investigative journalism to convey the psychology of North Korea's future leaders and their very complex and human and inhumane world, seen through my eyes. Those who expect a straightforward reporter's nonfiction, this is not. Those who expect a memoir about a woman's self-discovery, this is not.&rdquo; (Suki Kim)</li>\r\n</ol>\r\n<li>Suki Kim. &ldquo;The Reluctant Memoirist.&rdquo; <em>New Republic</em>. June 27, 2016. <a href=\"https://newrepublic.com/article/133893/reluctant-memoirist\">https://newrepublic.com/article/133893/reluctant-memoirist</a></li>\r\n<li>Christine Hong. &ldquo;Reframing North Korean Human Rights.&rdquo; <em>Critical Asian Studies</em>, 45:4, 511-532. <a href=\"https://drive.google.com/open?id=0Bx_2CK9zST_8WGtpekJ5Z2x0eEU\">https://drive.google.com/open?id=0Bx_2CK9zST_8WGtpekJ5Z2x0eEU</a></li>\r\n</ol>"], ["sub_title", "Reading North Korea through Without You, There Is No Us"], ["author_id", 1], ["created_at", "2016-07-14 22:48:39.797837"], ["updated_at", "2016-07-14 22:48:39.797837"]]
D, [2016-07-14T18:48:39.813908 #13805] DEBUG -- :   [1m[36m (0.9ms)[0m  [1mCOMMIT[0m
I, [2016-07-14T18:48:39.814343 #13805]  INFO -- : Redirected to http://thesalmon.club/articles
I, [2016-07-14T18:48:39.814585 #13805]  INFO -- : Completed 302 Found in 55ms (ActiveRecord: 7.0ms)
I, [2016-07-14T18:48:39.862186 #13802]  INFO -- : Started GET "/articles" for 50.129.228.12 at 2016-07-14 18:48:39 -0400
I, [2016-07-14T18:48:39.876334 #13802]  INFO -- : Processing by ArticlesController#index as HTML
D, [2016-07-14T18:48:39.889441 #13802] DEBUG -- :   [1m[35mUser Load (0.8ms)[0m  SELECT  "users".* FROM "users" WHERE "users"."id" = $1 LIMIT 1  [["id", 1]]
D, [2016-07-14T18:48:39.894482 #13802] DEBUG -- :   [1m[36mArticle Load (0.9ms)[0m  [1mSELECT "articles".* FROM "articles"[0m
I, [2016-07-14T18:48:39.911938 #13802]  INFO -- :   Rendered articles/index.html.erb within layouts/application (31.7ms)
D, [2016-07-14T18:48:39.915327 #13802] DEBUG -- :   [1m[35mCACHE (0.0ms)[0m  SELECT  "users".* FROM "users" WHERE "users"."id" = $1 LIMIT 1  [["id", 1]]
I, [2016-07-14T18:48:39.916897 #13802]  INFO -- : Completed 200 OK in 40ms (Views: 35.1ms | ActiveRecord: 2.7ms)
I, [2016-07-14T18:48:45.536066 #13805]  INFO -- : Started GET "/articles/1" for 50.129.228.12 at 2016-07-14 18:48:45 -0400
I, [2016-07-14T18:48:45.538587 #13805]  INFO -- : Processing by ArticlesController#show as HTML
I, [2016-07-14T18:48:45.539818 #13805]  INFO -- :   Parameters: {"id"=>"1"}
D, [2016-07-14T18:48:45.556839 #13805] DEBUG -- :   [1m[35mArticle Load (0.9ms)[0m  SELECT  "articles".* FROM "articles" WHERE "articles"."id" = $1 LIMIT 1  [["id", 1]]
D, [2016-07-14T18:48:45.610549 #13805] DEBUG -- :   [1m[36mUser Load (0.7ms)[0m  [1mSELECT  "users".* FROM "users" WHERE "users"."id" = $1 LIMIT 1[0m  [["id", 1]]
D, [2016-07-14T18:48:45.616795 #13805] DEBUG -- :   [1m[35mComment Load (0.6ms)[0m  SELECT "comments".* FROM "comments" WHERE "comments"."commentable_id" = $1 AND "comments"."commentable_type" = $2  [["commentable_id", 1], ["commentable_type", "Article"]]
I, [2016-07-14T18:48:45.617278 #13805]  INFO -- :   Rendered articles/show.html.erb within layouts/application (15.0ms)
D, [2016-07-14T18:48:45.618972 #13805] DEBUG -- :   [1m[36mCACHE (0.0ms)[0m  [1mSELECT  "users".* FROM "users" WHERE "users"."id" = $1 LIMIT 1[0m  [["id", 1]]
I, [2016-07-14T18:48:45.620164 #13805]  INFO -- : Completed 200 OK in 80ms (Views: 34.6ms | ActiveRecord: 3.9ms)
I, [2016-07-14T18:48:51.769972 #13807]  INFO -- : Started GET "/" for 50.129.228.12 at 2016-07-14 18:48:51 -0400
I, [2016-07-14T18:48:51.795605 #13807]  INFO -- : Processing by WelcomeController#index as HTML
I, [2016-07-14T18:48:51.797888 #13807]  INFO -- : Redirected to http://thesalmon.club/articles
I, [2016-07-14T18:48:51.798597 #13807]  INFO -- : Completed 302 Found in 2ms (ActiveRecord: 0.0ms)
I, [2016-07-14T18:48:51.843464 #13811]  INFO -- : Started GET "/articles" for 50.129.228.12 at 2016-07-14 18:48:51 -0400
I, [2016-07-14T18:48:51.854045 #13811]  INFO -- : Processing by ArticlesController#index as HTML
D, [2016-07-14T18:48:51.869248 #13811] DEBUG -- :   [1m[35mUser Load (1.4ms)[0m  SELECT  "users".* FROM "users" WHERE "users"."id" = $1 LIMIT 1  [["id", 1]]
D, [2016-07-14T18:48:51.873480 #13811] DEBUG -- :   [1m[36mArticle Load (1.0ms)[0m  [1mSELECT "articles".* FROM "articles"[0m
I, [2016-07-14T18:48:51.875734 #13811]  INFO -- :   Rendered articles/index.html.erb within layouts/application (15.7ms)
D, [2016-07-14T18:48:51.878048 #13811] DEBUG -- :   [1m[35mCACHE (0.0ms)[0m  SELECT  "users".* FROM "users" WHERE "users"."id" = $1 LIMIT 1  [["id", 1]]
I, [2016-07-14T18:48:51.879541 #13811]  INFO -- : Completed 200 OK in 25ms (Views: 20.1ms | ActiveRecord: 2.4ms)
I, [2016-07-14T18:49:32.494382 #13807]  INFO -- : Started GET "/articles" for 173.252.90.82 at 2016-07-14 18:49:32 -0400
I, [2016-07-14T18:49:32.497941 #13807]  INFO -- : Processing by ArticlesController#index as */*
D, [2016-07-14T18:49:32.516107 #13807] DEBUG -- :   [1m[36mArticle Load (1.4ms)[0m  [1mSELECT "articles".* FROM "articles"[0m
I, [2016-07-14T18:49:32.536432 #13807]  INFO -- :   Rendered articles/index.html.erb within layouts/application (27.9ms)
I, [2016-07-14T18:49:32.541037 #13807]  INFO -- : Completed 200 OK in 43ms (Views: 38.2ms | ActiveRecord: 2.6ms)
I, [2016-07-14T18:49:35.938449 #13811]  INFO -- : Started GET "/articles" for 69.171.228.118 at 2016-07-14 18:49:35 -0400
I, [2016-07-14T18:49:35.941234 #13811]  INFO -- : Processing by ArticlesController#index as */*
D, [2016-07-14T18:49:35.951382 #13811] DEBUG -- :   [1m[36mArticle Load (0.9ms)[0m  [1mSELECT "articles".* FROM "articles"[0m
I, [2016-07-14T18:49:35.952674 #13811]  INFO -- :   Rendered articles/index.html.erb within layouts/application (5.3ms)
I, [2016-07-14T18:49:35.955583 #13811]  INFO -- : Completed 200 OK in 14ms (Views: 12.9ms | ActiveRecord: 0.9ms)
I, [2016-07-14T18:49:35.976708 #13807]  INFO -- : Started GET "/articles" for 173.252.114.112 at 2016-07-14 18:49:35 -0400
I, [2016-07-14T18:49:35.979825 #13807]  INFO -- : Processing by ArticlesController#index as */*
D, [2016-07-14T18:49:35.983097 #13807] DEBUG -- :   [1m[35mArticle Load (0.7ms)[0m  SELECT "articles".* FROM "articles"
I, [2016-07-14T18:49:35.984014 #13807]  INFO -- :   Rendered articles/index.html.erb within layouts/application (2.7ms)
I, [2016-07-14T18:49:35.985830 #13807]  INFO -- : Completed 200 OK in 6ms (Views: 4.6ms | ActiveRecord: 0.7ms)
I, [2016-07-14T18:49:36.004618 #13811]  INFO -- : Started GET "/" for 173.252.79.117 at 2016-07-14 18:49:36 -0400
I, [2016-07-14T18:49:36.006398 #13802]  INFO -- : Started GET "/articles" for 173.252.79.112 at 2016-07-14 18:49:36 -0400
I, [2016-07-14T18:49:36.008639 #13802]  INFO -- : Processing by ArticlesController#index as */*
I, [2016-07-14T18:49:36.011601 #13811]  INFO -- : Processing by WelcomeController#index as */*
I, [2016-07-14T18:49:36.012170 #13811]  INFO -- : Redirected to http://thesalmon.club/articles
I, [2016-07-14T18:49:36.012355 #13811]  INFO -- : Completed 302 Found in 1ms (ActiveRecord: 0.0ms)
D, [2016-07-14T18:49:36.019838 #13802] DEBUG -- :   [1m[36mArticle Load (0.6ms)[0m  [1mSELECT "articles".* FROM "articles"[0m
I, [2016-07-14T18:49:36.020835 #13802]  INFO -- :   Rendered articles/index.html.erb within layouts/application (3.9ms)
I, [2016-07-14T18:49:36.022483 #13802]  INFO -- : Completed 200 OK in 14ms (Views: 12.6ms | ActiveRecord: 0.6ms)
I, [2016-07-14T18:50:19.502258 #13811]  INFO -- : Started GET "/" for 50.129.228.12 at 2016-07-14 18:50:19 -0400
I, [2016-07-14T18:50:19.505880 #13811]  INFO -- : Processing by WelcomeController#index as HTML
I, [2016-07-14T18:50:19.506562 #13811]  INFO -- : Redirected to http://192.241.147.57/articles
I, [2016-07-14T18:50:19.506911 #13811]  INFO -- : Completed 302 Found in 1ms (ActiveRecord: 0.0ms)
I, [2016-07-14T18:50:19.549008 #13805]  INFO -- : Started GET "/articles" for 50.129.228.12 at 2016-07-14 18:50:19 -0400
I, [2016-07-14T18:50:19.551722 #13805]  INFO -- : Processing by ArticlesController#index as HTML
D, [2016-07-14T18:50:19.557917 #13805] DEBUG -- :   [1m[35mArticle Load (0.9ms)[0m  SELECT "articles".* FROM "articles"
I, [2016-07-14T18:50:19.559735 #13805]  INFO -- :   Rendered articles/index.html.erb within layouts/application (5.4ms)
I, [2016-07-14T18:50:19.561513 #13805]  INFO -- : Completed 200 OK in 9ms (Views: 8.0ms | ActiveRecord: 0.9ms)
I, [2016-07-14T18:50:24.022071 #13811]  INFO -- : Started GET "/articles/1" for 50.129.228.12 at 2016-07-14 18:50:24 -0400
I, [2016-07-14T18:50:24.026053 #13811]  INFO -- : Processing by ArticlesController#show as HTML
I, [2016-07-14T18:50:24.026238 #13811]  INFO -- :   Parameters: {"id"=>"1"}
D, [2016-07-14T18:50:24.031702 #13811] DEBUG -- :   [1m[35mArticle Load (0.7ms)[0m  SELECT  "articles".* FROM "articles" WHERE "articles"."id" = $1 LIMIT 1  [["id", 1]]
D, [2016-07-14T18:50:24.064346 #13811] DEBUG -- :   [1m[36mComment Load (0.5ms)[0m  [1mSELECT "comments".* FROM "comments" WHERE "comments"."commentable_id" = $1 AND "comments"."commentable_type" = $2[0m  [["commentable_id", 1], ["commentable_type", "Article"]]
I, [2016-07-14T18:50:24.065163 #13811]  INFO -- :   Rendered articles/show.html.erb within layouts/application (8.4ms)
I, [2016-07-14T18:50:24.066930 #13811]  INFO -- : Completed 200 OK in 40ms (Views: 10.8ms | ActiveRecord: 3.0ms)
I, [2016-07-14T18:54:07.376748 #13807]  INFO -- : Started GET "/articles/1" for 50.129.228.12 at 2016-07-14 18:54:07 -0400
I, [2016-07-14T18:54:07.396393 #13807]  INFO -- : Processing by ArticlesController#show as HTML
I, [2016-07-14T18:54:07.396701 #13807]  INFO -- :   Parameters: {"id"=>"1"}
D, [2016-07-14T18:54:07.419615 #13807] DEBUG -- :   [1m[36mArticle Load (1.5ms)[0m  [1mSELECT  "articles".* FROM "articles" WHERE "articles"."id" = $1 LIMIT 1[0m  [["id", 1]]
D, [2016-07-14T18:54:07.462420 #13807] DEBUG -- :   [1m[35mUser Load (0.5ms)[0m  SELECT  "users".* FROM "users" WHERE "users"."id" = $1 LIMIT 1  [["id", 1]]
D, [2016-07-14T18:54:07.467849 #13807] DEBUG -- :   [1m[36mComment Load (0.5ms)[0m  [1mSELECT "comments".* FROM "comments" WHERE "comments"."commentable_id" = $1 AND "comments"."commentable_type" = $2[0m  [["commentable_id", 1], ["commentable_type", "Article"]]
I, [2016-07-14T18:54:07.468559 #13807]  INFO -- :   Rendered articles/show.html.erb within layouts/application (13.0ms)
D, [2016-07-14T18:54:07.470172 #13807] DEBUG -- :   [1m[35mCACHE (0.0ms)[0m  SELECT  "users".* FROM "users" WHERE "users"."id" = $1 LIMIT 1  [["id", 1]]
I, [2016-07-14T18:54:07.471239 #13807]  INFO -- : Completed 200 OK in 74ms (Views: 16.4ms | ActiveRecord: 4.6ms)
I, [2016-07-14T18:55:01.696370 #13802]  INFO -- : Started GET "/" for 50.129.228.12 at 2016-07-14 18:55:01 -0400
I, [2016-07-14T18:55:01.712050 #13811]  INFO -- : Started GET "/" for 173.252.90.83 at 2016-07-14 18:55:01 -0400
I, [2016-07-14T18:55:01.748158 #13802]  INFO -- : Processing by WelcomeController#index as HTML
I, [2016-07-14T18:55:01.755286 #13802]  INFO -- : Redirected to http://thesalmon.club/articles
I, [2016-07-14T18:55:01.755958 #13802]  INFO -- : Completed 302 Found in 7ms (ActiveRecord: 0.0ms)
I, [2016-07-14T18:55:01.757693 #13811]  INFO -- : Processing by WelcomeController#index as */*
I, [2016-07-14T18:55:01.759955 #13811]  INFO -- : Redirected to http://thesalmon.club/articles
I, [2016-07-14T18:55:01.760689 #13811]  INFO -- : Completed 302 Found in 2ms (ActiveRecord: 0.0ms)
I, [2016-07-14T18:55:01.808660 #13805]  INFO -- : Started GET "/articles" for 50.129.228.12 at 2016-07-14 18:55:01 -0400
I, [2016-07-14T18:55:01.818303 #13805]  INFO -- : Processing by ArticlesController#index as HTML
D, [2016-07-14T18:55:01.828760 #13805] DEBUG -- :   [1m[36mUser Load (1.2ms)[0m  [1mSELECT  "users".* FROM "users" WHERE "users"."id" = $1 LIMIT 1[0m  [["id", 1]]
D, [2016-07-14T18:55:01.832619 #13805] DEBUG -- :   [1m[35mArticle Load (0.8ms)[0m  SELECT "articles".* FROM "articles"
I, [2016-07-14T18:55:01.834366 #13805]  INFO -- :   Rendered articles/index.html.erb within layouts/application (12.2ms)
D, [2016-07-14T18:55:01.840915 #13805] DEBUG -- :   [1m[36mCACHE (0.0ms)[0m  [1mSELECT  "users".* FROM "users" WHERE "users"."id" = $1 LIMIT 1[0m  [["id", 1]]
I, [2016-07-14T18:55:01.843705 #13805]  INFO -- : Completed 200 OK in 25ms (Views: 21.2ms | ActiveRecord: 2.0ms)
I, [2016-07-14T18:55:01.869029 #13811]  INFO -- : Started GET "/articles" for 173.252.90.92 at 2016-07-14 18:55:01 -0400
I, [2016-07-14T18:55:01.874036 #13811]  INFO -- : Processing by ArticlesController#index as */*
D, [2016-07-14T18:55:01.888819 #13811] DEBUG -- :   [1m[35mArticle Load (1.1ms)[0m  SELECT "articles".* FROM "articles"
I, [2016-07-14T18:55:01.891660 #13811]  INFO -- :   Rendered articles/index.html.erb within layouts/application (11.0ms)
I, [2016-07-14T18:55:01.897168 #13811]  INFO -- : Completed 200 OK in 23ms (Views: 17.5ms | ActiveRecord: 1.1ms)
I, [2016-07-14T18:55:01.938493 #13805]  INFO -- : Started GET "/" for 173.252.74.105 at 2016-07-14 18:55:01 -0400
I, [2016-07-14T18:55:01.941873 #13805]  INFO -- : Processing by WelcomeController#index as */*
I, [2016-07-14T18:55:01.944037 #13805]  INFO -- : Redirected to http://thesalmon.club/articles
I, [2016-07-14T18:55:01.945180 #13805]  INFO -- : Completed 302 Found in 3ms (ActiveRecord: 0.0ms)
I, [2016-07-14T18:55:02.092272 #13811]  INFO -- : Started GET "/articles" for 173.252.74.105 at 2016-07-14 18:55:02 -0400
I, [2016-07-14T18:55:02.094307 #13811]  INFO -- : Processing by ArticlesController#index as */*
D, [2016-07-14T18:55:02.097191 #13811] DEBUG -- :   [1m[36mArticle Load (0.9ms)[0m  [1mSELECT "articles".* FROM "articles"[0m
I, [2016-07-14T18:55:02.098410 #13811]  INFO -- :   Rendered articles/index.html.erb within layouts/application (2.9ms)
I, [2016-07-14T18:55:02.102621 #13811]  INFO -- : Completed 200 OK in 8ms (Views: 6.7ms | ActiveRecord: 0.9ms)
I, [2016-07-14T18:55:11.028899 #13805]  INFO -- : Started GET "/about" for 50.129.228.12 at 2016-07-14 18:55:11 -0400
I, [2016-07-14T18:55:11.038524 #13805]  INFO -- : Processing by WelcomeController#about as HTML
I, [2016-07-14T18:55:11.073174 #13805]  INFO -- :   Rendered welcome/about.html.erb within layouts/application (1.3ms)
D, [2016-07-14T18:55:11.077772 #13805] DEBUG -- :   [1m[35mUser Load (0.7ms)[0m  SELECT  "users".* FROM "users" WHERE "users"."id" = $1 LIMIT 1  [["id", 1]]
I, [2016-07-14T18:55:11.079730 #13805]  INFO -- : Completed 200 OK in 40ms (Views: 38.8ms | ActiveRecord: 0.7ms)
I, [2016-07-14T18:55:13.157970 #13807]  INFO -- : Started GET "/" for 50.129.228.12 at 2016-07-14 18:55:13 -0400
I, [2016-07-14T18:55:13.160763 #13807]  INFO -- : Processing by WelcomeController#index as HTML
I, [2016-07-14T18:55:13.165495 #13807]  INFO -- : Redirected to http://thesalmon.club/articles
I, [2016-07-14T18:55:13.165697 #13807]  INFO -- : Completed 302 Found in 5ms (ActiveRecord: 0.0ms)
I, [2016-07-14T18:55:13.205552 #13811]  INFO -- : Started GET "/articles" for 50.129.228.12 at 2016-07-14 18:55:13 -0400
I, [2016-07-14T18:55:13.207420 #13811]  INFO -- : Processing by ArticlesController#index as HTML
D, [2016-07-14T18:55:13.214353 #13811] DEBUG -- :   [1m[35mUser Load (0.8ms)[0m  SELECT  "users".* FROM "users" WHERE "users"."id" = $1 LIMIT 1  [["id", 1]]
D, [2016-07-14T18:55:13.216607 #13811] DEBUG -- :   [1m[36mArticle Load (0.7ms)[0m  [1mSELECT "articles".* FROM "articles"[0m
I, [2016-07-14T18:55:13.217995 #13811]  INFO -- :   Rendered articles/index.html.erb within layouts/application (9.2ms)
D, [2016-07-14T18:55:13.219503 #13811] DEBUG -- :   [1m[35mCACHE (0.0ms)[0m  SELECT  "users".* FROM "users" WHERE "users"."id" = $1 LIMIT 1  [["id", 1]]
I, [2016-07-14T18:55:13.220438 #13811]  INFO -- : Completed 200 OK in 13ms (Views: 10.8ms | ActiveRecord: 1.5ms)
I, [2016-07-14T18:55:14.973422 #13807]  INFO -- : Started DELETE "/logout" for 50.129.228.12 at 2016-07-14 18:55:14 -0400
I, [2016-07-14T18:55:14.978382 #13807]  INFO -- : Processing by SessionsController#destroy as HTML
I, [2016-07-14T18:55:14.978505 #13807]  INFO -- :   Parameters: {"authenticity_token"=>"te9qUL33oy9jyCQ5K4EdcZnx0d8fZdiUsIdRb/h+PqTrmqPapc2wdufpicbNYCHQxCYE/A1/7vxbdLPdrgI2iw=="}
I, [2016-07-14T18:55:14.980049 #13807]  INFO -- : Redirected to http://thesalmon.club/
I, [2016-07-14T18:55:14.980334 #13807]  INFO -- : Completed 302 Found in 2ms (ActiveRecord: 0.0ms)
I, [2016-07-14T18:55:15.021959 #13811]  INFO -- : Started GET "/" for 50.129.228.12 at 2016-07-14 18:55:15 -0400
I, [2016-07-14T18:55:15.025046 #13811]  INFO -- : Processing by WelcomeController#index as HTML
I, [2016-07-14T18:55:15.025582 #13811]  INFO -- : Redirected to http://thesalmon.club/articles
I, [2016-07-14T18:55:15.025819 #13811]  INFO -- : Completed 302 Found in 1ms (ActiveRecord: 0.0ms)
I, [2016-07-14T18:55:15.079570 #13805]  INFO -- : Started GET "/articles" for 50.129.228.12 at 2016-07-14 18:55:15 -0400
I, [2016-07-14T18:55:15.081971 #13805]  INFO -- : Processing by ArticlesController#index as HTML
D, [2016-07-14T18:55:15.086657 #13805] DEBUG -- :   [1m[36mArticle Load (0.8ms)[0m  [1mSELECT "articles".* FROM "articles"[0m
I, [2016-07-14T18:55:15.087691 #13805]  INFO -- :   Rendered articles/index.html.erb within layouts/application (3.1ms)
I, [2016-07-14T18:55:15.090278 #13805]  INFO -- : Completed 200 OK in 8ms (Views: 6.8ms | ActiveRecord: 0.8ms)
I, [2016-07-14T18:55:19.203844 #13811]  INFO -- : Started GET "/articles/1" for 50.129.228.12 at 2016-07-14 18:55:19 -0400
I, [2016-07-14T18:55:19.207989 #13811]  INFO -- : Processing by ArticlesController#show as HTML
I, [2016-07-14T18:55:19.208136 #13811]  INFO -- :   Parameters: {"id"=>"1"}
D, [2016-07-14T18:55:19.210119 #13811] DEBUG -- :   [1m[36mArticle Load (0.9ms)[0m  [1mSELECT  "articles".* FROM "articles" WHERE "articles"."id" = $1 LIMIT 1[0m  [["id", 1]]
D, [2016-07-14T18:55:19.220201 #13811] DEBUG -- :   [1m[35mComment Load (0.5ms)[0m  SELECT "comments".* FROM "comments" WHERE "comments"."commentable_id" = $1 AND "comments"."commentable_type" = $2  [["commentable_id", 1], ["commentable_type", "Article"]]
I, [2016-07-14T18:55:19.220607 #13811]  INFO -- :   Rendered articles/show.html.erb within layouts/application (2.9ms)
I, [2016-07-14T18:55:19.222352 #13811]  INFO -- : Completed 200 OK in 14ms (Views: 4.4ms | ActiveRecord: 1.4ms)
I, [2016-07-14T18:57:22.176802 #13807]  INFO -- : Started GET "/" for 50.129.228.12 at 2016-07-14 18:57:22 -0400
I, [2016-07-14T18:57:22.186559 #13807]  INFO -- : Processing by WelcomeController#index as HTML
I, [2016-07-14T18:57:22.188594 #13807]  INFO -- : Redirected to http://thesalmon.club/articles
I, [2016-07-14T18:57:22.189171 #13807]  INFO -- : Completed 302 Found in 2ms (ActiveRecord: 0.0ms)
I, [2016-07-14T18:57:22.248797 #13811]  INFO -- : Started GET "/articles" for 50.129.228.12 at 2016-07-14 18:57:22 -0400
I, [2016-07-14T18:57:22.257785 #13811]  INFO -- : Processing by ArticlesController#index as HTML
D, [2016-07-14T18:57:22.272966 #13811] DEBUG -- :   [1m[36mArticle Load (3.4ms)[0m  [1mSELECT "articles".* FROM "articles"[0m
I, [2016-07-14T18:57:22.275730 #13811]  INFO -- :   Rendered articles/index.html.erb within layouts/application (12.5ms)
I, [2016-07-14T18:57:22.279279 #13811]  INFO -- : Completed 200 OK in 21ms (Views: 14.2ms | ActiveRecord: 3.4ms)
I, [2016-07-14T18:57:33.396937 #13807]  INFO -- : Started GET "/about" for 50.129.228.12 at 2016-07-14 18:57:33 -0400
I, [2016-07-14T18:57:33.405923 #13807]  INFO -- : Processing by WelcomeController#about as HTML
I, [2016-07-14T18:57:33.452806 #13807]  INFO -- :   Rendered welcome/about.html.erb within layouts/application (1.1ms)
I, [2016-07-14T18:57:33.459723 #13807]  INFO -- : Completed 200 OK in 54ms (Views: 53.2ms | ActiveRecord: 0.0ms)
I, [2016-07-14T18:57:55.249092 #13802]  INFO -- : Started GET "/" for 50.129.228.12 at 2016-07-14 18:57:55 -0400
I, [2016-07-14T18:57:55.262030 #13802]  INFO -- : Processing by WelcomeController#index as HTML
I, [2016-07-14T18:57:55.263320 #13802]  INFO -- : Redirected to http://thesalmon.club/articles
I, [2016-07-14T18:57:55.263750 #13802]  INFO -- : Completed 302 Found in 1ms (ActiveRecord: 0.0ms)
I, [2016-07-14T18:57:55.308775 #13811]  INFO -- : Started GET "/articles" for 50.129.228.12 at 2016-07-14 18:57:55 -0400
I, [2016-07-14T18:57:55.310504 #13811]  INFO -- : Processing by ArticlesController#index as HTML
D, [2016-07-14T18:57:55.313394 #13811] DEBUG -- :   [1m[35mArticle Load (0.5ms)[0m  SELECT "articles".* FROM "articles"
I, [2016-07-14T18:57:55.314112 #13811]  INFO -- :   Rendered articles/index.html.erb within layouts/application (2.5ms)
I, [2016-07-14T18:57:55.316231 #13811]  INFO -- : Completed 200 OK in 6ms (Views: 4.4ms | ActiveRecord: 0.5ms)
I, [2016-07-14T18:58:02.272621 #13802]  INFO -- : Started GET "/articles/1" for 50.129.228.12 at 2016-07-14 18:58:02 -0400
I, [2016-07-14T18:58:02.277855 #13802]  INFO -- : Processing by ArticlesController#show as HTML
I, [2016-07-14T18:58:02.278049 #13802]  INFO -- :   Parameters: {"id"=>"1"}
D, [2016-07-14T18:58:02.307709 #13802] DEBUG -- :   [1m[35mArticle Load (5.7ms)[0m  SELECT  "articles".* FROM "articles" WHERE "articles"."id" = $1 LIMIT 1  [["id", 1]]
D, [2016-07-14T18:58:02.379672 #13802] DEBUG -- :   [1m[36mComment Load (0.9ms)[0m  [1mSELECT "comments".* FROM "comments" WHERE "comments"."commentable_id" = $1 AND "comments"."commentable_type" = $2[0m  [["commentable_id", 1], ["commentable_type", "Article"]]
I, [2016-07-14T18:58:02.380550 #13802]  INFO -- :   Rendered articles/show.html.erb within layouts/application (16.3ms)
I, [2016-07-14T18:58:02.384827 #13802]  INFO -- : Completed 200 OK in 106ms (Views: 24.2ms | ActiveRecord: 9.8ms)
I, [2016-07-14T18:58:11.578194 #13811]  INFO -- : Started GET "/about" for 50.129.228.12 at 2016-07-14 18:58:11 -0400
I, [2016-07-14T18:58:11.581016 #13811]  INFO -- : Processing by WelcomeController#about as HTML
I, [2016-07-14T18:58:11.582511 #13811]  INFO -- :   Rendered welcome/about.html.erb within layouts/application (0.2ms)
I, [2016-07-14T18:58:11.586026 #13811]  INFO -- : Completed 200 OK in 5ms (Views: 4.0ms | ActiveRecord: 0.0ms)
I, [2016-07-14T18:58:16.528650 #13807]  INFO -- : Started GET "/login" for 50.129.228.12 at 2016-07-14 18:58:16 -0400
I, [2016-07-14T18:58:16.533755 #13807]  INFO -- : Processing by SessionsController#new as HTML
I, [2016-07-14T18:58:16.541003 #13807]  INFO -- :   Rendered sessions/new.html.erb within layouts/application (3.9ms)
I, [2016-07-14T18:58:16.543609 #13807]  INFO -- : Completed 200 OK in 10ms (Views: 8.9ms | ActiveRecord: 0.0ms)
I, [2016-07-14T18:58:18.628958 #13805]  INFO -- : Started POST "/login" for 50.129.228.12 at 2016-07-14 18:58:18 -0400
I, [2016-07-14T18:58:18.643033 #13805]  INFO -- : Processing by SessionsController#create as HTML
I, [2016-07-14T18:58:18.643315 #13805]  INFO -- :   Parameters: {"utf8"=>"✓", "authenticity_token"=>"Qg7lYoa7+sG46g7K1m8+1BT9c43sJpn8LEXSakPmjMsceyzonoHpmDzLozUwjgJ1SSqmrv48r5THtjDYFZqE5A==", "session"=>{"username"=>"thatnewwen", "password"=>"[FILTERED]"}, "commit"=>"login"}
D, [2016-07-14T18:58:18.656506 #13805] DEBUG -- :   [1m[35mUser Load (0.8ms)[0m  SELECT  "users".* FROM "users" WHERE "users"."username" = $1 LIMIT 1  [["username", "thatnewwen"]]
I, [2016-07-14T18:58:18.795771 #13805]  INFO -- : Redirected to http://thesalmon.club/
I, [2016-07-14T18:58:18.796167 #13805]  INFO -- : Completed 302 Found in 153ms (ActiveRecord: 0.8ms)
I, [2016-07-14T18:58:18.839410 #13807]  INFO -- : Started GET "/" for 50.129.228.12 at 2016-07-14 18:58:18 -0400
I, [2016-07-14T18:58:18.841107 #13807]  INFO -- : Processing by WelcomeController#index as HTML
I, [2016-07-14T18:58:18.841692 #13807]  INFO -- : Redirected to http://thesalmon.club/articles
I, [2016-07-14T18:58:18.841902 #13807]  INFO -- : Completed 302 Found in 1ms (ActiveRecord: 0.0ms)
I, [2016-07-14T18:58:18.885066 #13811]  INFO -- : Started GET "/articles" for 50.129.228.12 at 2016-07-14 18:58:18 -0400
I, [2016-07-14T18:58:18.888277 #13811]  INFO -- : Processing by ArticlesController#index as HTML
D, [2016-07-14T18:58:18.893241 #13811] DEBUG -- :   [1m[36mUser Load (1.1ms)[0m  [1mSELECT  "users".* FROM "users" WHERE "users"."id" = $1 LIMIT 1[0m  [["id", 1]]
D, [2016-07-14T18:58:18.896427 #13811] DEBUG -- :   [1m[35mArticle Load (0.6ms)[0m  SELECT "articles".* FROM "articles"
I, [2016-07-14T18:58:18.897249 #13811]  INFO -- :   Rendered articles/index.html.erb within layouts/application (7.6ms)
D, [2016-07-14T18:58:18.899422 #13811] DEBUG -- :   [1m[36mCACHE (0.0ms)[0m  [1mSELECT  "users".* FROM "users" WHERE "users"."id" = $1 LIMIT 1[0m  [["id", 1]]
I, [2016-07-14T18:58:18.900183 #13811]  INFO -- : Completed 200 OK in 12ms (Views: 9.5ms | ActiveRecord: 1.7ms)
I, [2016-07-14T18:58:21.208395 #13807]  INFO -- : Started GET "/articles/1" for 50.129.228.12 at 2016-07-14 18:58:21 -0400
I, [2016-07-14T18:58:21.211284 #13807]  INFO -- : Processing by ArticlesController#show as HTML
I, [2016-07-14T18:58:21.211453 #13807]  INFO -- :   Parameters: {"id"=>"1"}
D, [2016-07-14T18:58:21.216447 #13807] DEBUG -- :   [1m[36mArticle Load (2.0ms)[0m  [1mSELECT  "articles".* FROM "articles" WHERE "articles"."id" = $1 LIMIT 1[0m  [["id", 1]]
D, [2016-07-14T18:58:21.224555 #13807] DEBUG -- :   [1m[35mUser Load (0.5ms)[0m  SELECT  "users".* FROM "users" WHERE "users"."id" = $1 LIMIT 1  [["id", 1]]
D, [2016-07-14T18:58:21.227996 #13807] DEBUG -- :   [1m[36mComment Load (0.4ms)[0m  [1mSELECT "comments".* FROM "comments" WHERE "comments"."commentable_id" = $1 AND "comments"."commentable_type" = $2[0m  [["commentable_id", 1], ["commentable_type", "Article"]]
I, [2016-07-14T18:58:21.228439 #13807]  INFO -- :   Rendered articles/show.html.erb within layouts/application (6.4ms)
